MPLINK 4.48, Linker
Linker Map File - Created Wed Jul 22 10:13:34 2015

                                 Section Info
                  Section       Type    Address   Location Size(Bytes)
                ---------  ---------  ---------  ---------  ---------
               _entry_scn       code   0x000000    program   0x000006
              high_vector       code   0x000008    program   0x000028
                   .cinit    romdata   0x00003a    program   0x000086
              .code_MMD.o       code   0x0000c0    program   0x001a32
       .code_rtc_driver.o       code   0x001af2    program   0x000994
    .code_mbfuncholding.o       code   0x002486    program   0x000924
              .code_app.o       code   0x002daa    program   0x0008ec
      .code_mbfunccoils.o       code   0x003696    program   0x000612
               .code_mb.o       code   0x003ca8    program   0x000606
            .code_mbrtu.o       code   0x0042ae    program   0x000510
          .code_mbutils.o       code   0x0047be    program   0x0003a4
           .romdata_MMD.o    romdata   0x004b62    program   0x000330
       .code_portserial.o       code   0x004e92    program   0x0002be
       .code_mbfuncdisc.o       code   0x005150    program   0x000270
             .code_main.o       code   0x0053c0    program   0x00025a
      .code_mbfuncinput.o       code   0x00561a    program   0x000258
       .code_i2c_driver.o       code   0x005872    program   0x000246
            .code_timer.o       code   0x005ab8    program   0x00021a
         .romdata_mbcrc.o    romdata   0x005cd2    program   0x000200
      .code_mbfuncother.o       code   0x005ed2    program   0x000166
            .code_mbcrc.o       code   0x006038    program   0x0000fc
        .code_porttimer.o       code   0x006134    program   0x0000f6
                   STDLIB       code   0x00622a    program   0x0000ea
                   STRING       code   0x006314    program   0x0000e8
               _cinit_scn       code   0x0063fc    program   0x00009e
            .code_uopen.o       code   0x00649a    program   0x00008a
        .code_portevent.o       code   0x006524    program   0x000060
             .stringtable    romdata   0x006584    program   0x00004c
           .code_t3open.o       code   0x0065d0    program   0x000042
           .code_t1open.o       code   0x006612    program   0x000042
            .code_uread.o       code   0x006654    program   0x00003e
     .code_digit_driver.o       code   0x006692    program   0x00003e
                     PROG       code   0x0066d0    program   0x00003c
          .code_t3write.o       code   0x00670c    program   0x000038
          .code_t1write.o       code   0x006744    program   0x000038
          .code_t0write.o       code   0x00677c    program   0x000038
           .code_t0open.o       code   0x0067b4    program   0x000038
           .code_uwrite.o       code   0x0067ec    program   0x00002e
            .code_board.o       code   0x00681a    program   0x00002e
         .code_fxd1616u.o       code   0x006848    program   0x00002c
              D1KTCYXCODE       code   0x006874    program   0x000020
                    .code       code   0x006894    program   0x000020
             _startup_scn       code   0x0068b4    program   0x00001c
        .code_heartBeat.o       code   0x0068d0    program   0x00001a
              D10TCYXCODE       code   0x0068ea    program   0x000016
           .code___init.o       code   0x006900    program   0x000002
               TMR_DATA_i    romdata   0x006902    program   0x000008
               RTC_DATA_i    romdata   0x00690a    program   0x000011
               MMD_DATA_i    romdata   0x00691b    program   0x0000b6
               APP_DATA_i    romdata   0x0069d1    program   0x00003f
   .romdata_mbfuncinput.o    romdata   0x006a10    program   0x000000
   .romdata_mbfuncother.o    romdata   0x006a10    program   0x000000
         .idata_uopen.o_i    romdata   0x006a10    program   0x000000
       .romdata_mbutils.o    romdata   0x006a10    program   0x000000
 .romdata_mbfuncholding.o    romdata   0x006a10    program   0x000000
         .romdata_uopen.o    romdata   0x006a10    program   0x000000
         .romdata_uread.o    romdata   0x006a10    program   0x000000
  .romdata_digit_driver.o    romdata   0x006a10    program   0x000000
         .idata_uread.o_i    romdata   0x006a10    program   0x000000
        .romdata_t1open.o    romdata   0x006a10    program   0x000000
    .romdata_i2c_driver.o    romdata   0x006a10    program   0x000000
        .romdata_t3open.o    romdata   0x006a10    program   0x000000
    .romdata_rtc_driver.o    romdata   0x006a10    program   0x000000
         .romdata_c018i.o    romdata   0x006a10    program   0x000000
      .romdata_fxd1616u.o    romdata   0x006a10    program   0x000000
        .romdata_t0open.o    romdata   0x006a10    program   0x000000
     .romdata_heartBeat.o    romdata   0x006a10    program   0x000000
.romdata_interruptvector.o    romdata   0x006a10    program   0x000000
        .romdata___init.o    romdata   0x006a10    program   0x000000
          .romdata_main.o    romdata   0x006a10    program   0x000000
        .romdata_uwrite.o    romdata   0x006a10    program   0x000000
        .idata_uwrite.o_i    romdata   0x006a10    program   0x000000
       .romdata_t3write.o    romdata   0x006a10    program   0x000000
       .romdata_t1write.o    romdata   0x006a10    program   0x000000
       .romdata_t0write.o    romdata   0x006a10    program   0x000000
         .romdata_board.o    romdata   0x006a10    program   0x000000
         .romdata_udefs.o    romdata   0x006a10    program   0x000000
         .idata_timer.o_i    romdata   0x006a10    program   0x00000a
         .romdata_timer.o    romdata   0x006a10    program   0x000000
            .romdata_mb.o    romdata   0x006a10    program   0x000000
     .romdata_portevent.o    romdata   0x006a10    program   0x000000
    .romdata_mbfuncdisc.o    romdata   0x006a10    program   0x000000
         .idata_udefs.o_i    romdata   0x006a10    program   0x000000
   .romdata_mbfunccoils.o    romdata   0x006a10    program   0x000000
           .romdata_app.o    romdata   0x006a10    program   0x000000
         .romdata_mbrtu.o    romdata   0x006a10    program   0x000000
    .romdata_portserial.o    romdata   0x006a10    program   0x000000
     .romdata_porttimer.o    romdata   0x006a10    program   0x000000
        .idata_t3open.o_i    romdata   0x006a1a    program   0x000000
        .idata_t1open.o_i    romdata   0x006a1a    program   0x000000
       .idata_t3write.o_i    romdata   0x006a1a    program   0x000000
        .idata_t0open.o_i    romdata   0x006a1a    program   0x000000
       .idata_t1write.o_i    romdata   0x006a1a    program   0x000000
       .idata_t0write.o_i    romdata   0x006a1a    program   0x000000
    .idata_rtc_driver.o_i    romdata   0x006a1a    program   0x000027
     .idata_portevent.o_i    romdata   0x006a41    program   0x000000
       .idata_mbutils.o_i    romdata   0x006a41    program   0x000000
         .idata_mbrtu.o_i    romdata   0x006a41    program   0x000002
     .idata_porttimer.o_i    romdata   0x006a41    program   0x000000
    .idata_portserial.o_i    romdata   0x006a41    program   0x000000
   .idata_mbfuncother.o_i    romdata   0x006a43    program   0x000000
   .idata_mbfunccoils.o_i    romdata   0x006a43    program   0x000000
   .idata_mbfuncinput.o_i    romdata   0x006a43    program   0x000000
         .idata_mbcrc.o_i    romdata   0x006a43    program   0x000000
    .idata_mbfuncdisc.o_i    romdata   0x006a43    program   0x000000
 .idata_mbfuncholding.o_i    romdata   0x006a43    program   0x000000
            .idata_mb.o_i    romdata   0x006a43    program   0x000041
    .idata_i2c_driver.o_i    romdata   0x006a84    program   0x000000
     .idata_heartBeat.o_i    romdata   0x006a84    program   0x000001
.idata_interruptvector.o_i    romdata   0x006a84    program   0x000000
          .idata_main.o_i    romdata   0x006a84    program   0x000000
      .idata_fxd1616u.o_i    romdata   0x006a85    program   0x000000
  .idata_digit_driver.o_i    romdata   0x006a85    program   0x00000b
         .idata_c018i.o_i    romdata   0x006a90    program   0x000000
           .idata_app.o_i    romdata   0x006a90    program   0x00000f
         .idata_board.o_i    romdata   0x006a90    program   0x000000
           .idata_MMD.o_i    romdata   0x006a9f    program   0x000000
        .idata___init.o_i    romdata   0x006a9f    program   0x000000
            .code_c018i.o       code   0x006aa0    program   0x000000
  .code_interruptvector.o       code   0x006aa0    program   0x000000
            .code_udefs.o       code   0x006aa0    program   0x000000
    .config_300001_main.o    romdata   0x300001    program   0x000001
    .config_300002_main.o    romdata   0x300002    program   0x000001
    .config_300003_main.o    romdata   0x300003    program   0x000001
    .config_300005_main.o    romdata   0x300005    program   0x000001
    .config_300006_main.o    romdata   0x300006    program   0x000001
    .config_300008_main.o    romdata   0x300008    program   0x000001
    .config_300009_main.o    romdata   0x300009    program   0x000001
    .config_30000a_main.o    romdata   0x30000a    program   0x000001
    .config_30000b_main.o    romdata   0x30000b    program   0x000001
    .config_30000c_main.o    romdata   0x30000c    program   0x000001
    .config_30000d_main.o    romdata   0x30000d    program   0x000001
                MATH_DATA      udata   0x000000       data   0x000014
                 .tmpdata      udata   0x000014       data   0x00000a
                DELAYDAT1      udata   0x00001e       data   0x000001
                   .stack      udata   0x000080       data   0x000080
                 MMD_DATA      idata   0x000100       data   0x0000b6
              .idata_mb.o      idata   0x0001b6       data   0x000041
       .udata_porttimer.o      udata   0x0001f7       data   0x000002
       .udata_portevent.o      udata   0x0001f9       data   0x000002
           .idata_mbrtu.o      idata   0x0001fb       data   0x000002
           .udata_udefs.o      udata   0x0001fd       data   0x000001
           .udata_board.o      udata   0x0001fe       data   0x000001
       .idata_heartBeat.o      idata   0x0001ff       data   0x000001
                 RTU_DATA      udata   0x000300       data   0x00004c
              .udata_mb.o      udata   0x00034c       data   0x000027
      .idata_rtc_driver.o      idata   0x000373       data   0x000027
     .udata_mbfuncother.o      udata   0x00039a       data   0x000022
             .idata_app.o      idata   0x0003bc       data   0x00000f
    .idata_digit_driver.o      idata   0x0003cb       data   0x00000b
           .udata_c018i.o      udata   0x0003d6       data   0x00000a
           .idata_timer.o      idata   0x0003e0       data   0x00000a
      .idata_i2c_driver.o      idata   0x0003ea       data   0x000000
      .udata_rtc_driver.o      udata   0x0003ea       data   0x000000
           .idata_board.o      idata   0x0003ea       data   0x000000
           .idata_c018i.o      idata   0x0003ea       data   0x000000
        .udata_fxd1616u.o      udata   0x0003ea       data   0x000000
        .idata_fxd1616u.o      idata   0x0003ea       data   0x000000
          .udata_t0open.o      udata   0x0003ea       data   0x000000
          .idata_t0open.o      idata   0x0003ea       data   0x000000
          .udata_t1open.o      udata   0x0003ea       data   0x000000
          .idata_t1open.o      idata   0x0003ea       data   0x000000
          .udata_t3open.o      udata   0x0003ea       data   0x000000
          .idata_t3open.o      idata   0x0003ea       data   0x000000
           .udata_uopen.o      udata   0x0003ea       data   0x000000
           .idata_uopen.o      idata   0x0003ea       data   0x000000
           .udata_uread.o      udata   0x0003ea       data   0x000000
           .idata_uread.o      idata   0x0003ea       data   0x000000
           .idata_udefs.o      idata   0x0003ea       data   0x000000
         .udata_t0write.o      udata   0x0003ea       data   0x000000
         .idata_t0write.o      idata   0x0003ea       data   0x000000
         .udata_t1write.o      udata   0x0003ea       data   0x000000
         .idata_t1write.o      idata   0x0003ea       data   0x000000
         .udata_t3write.o      udata   0x0003ea       data   0x000000
         .idata_t3write.o      idata   0x0003ea       data   0x000000
          .udata_uwrite.o      udata   0x0003ea       data   0x000000
          .idata_uwrite.o      idata   0x0003ea       data   0x000000
          .udata___init.o      udata   0x0003ea       data   0x000000
          .idata___init.o      idata   0x0003ea       data   0x000000
             .udata_app.o      udata   0x0003ea       data   0x000000
           .udata_timer.o      udata   0x0003ea       data   0x000000
             .idata_MMD.o      idata   0x0003ea       data   0x000000
             .udata_MMD.o      udata   0x0003ea       data   0x000000
       .idata_portevent.o      idata   0x0003ea       data   0x000000
      .udata_portserial.o      udata   0x0003ea       data   0x000000
      .idata_portserial.o      idata   0x0003ea       data   0x000000
            .idata_main.o      idata   0x0003ea       data   0x000000
       .idata_porttimer.o      idata   0x0003ea       data   0x000000
           .udata_mbcrc.o      udata   0x0003ea       data   0x000000
           .idata_mbcrc.o      idata   0x0003ea       data   0x000000
           .udata_mbrtu.o      udata   0x0003ea       data   0x000000
            .udata_main.o      udata   0x0003ea       data   0x000000
 .idata_interruptvector.o      idata   0x0003ea       data   0x000000
     .udata_mbfunccoils.o      udata   0x0003ea       data   0x000000
     .idata_mbfunccoils.o      idata   0x0003ea       data   0x000000
      .udata_i2c_driver.o      udata   0x0003ea       data   0x000000
       .udata_heartBeat.o      udata   0x0003ea       data   0x000000
    .udata_digit_driver.o      udata   0x0003ea       data   0x000000
         .idata_mbutils.o      idata   0x0003ea       data   0x000000
         .udata_mbutils.o      udata   0x0003ea       data   0x000000
     .idata_mbfuncother.o      idata   0x0003ea       data   0x000000
 .udata_interruptvector.o      udata   0x0003ea       data   0x000000
     .idata_mbfuncinput.o      idata   0x0003ea       data   0x000000
     .udata_mbfuncinput.o      udata   0x0003ea       data   0x000000
   .idata_mbfuncholding.o      idata   0x0003ea       data   0x000000
   .udata_mbfuncholding.o      udata   0x0003ea       data   0x000000
      .idata_mbfuncdisc.o      idata   0x0003ea       data   0x000000
      .udata_mbfuncdisc.o      udata   0x0003ea       data   0x000000
                 RTC_DATA      idata   0x000400       data   0x000011
                 TMR_DATA      idata   0x000411       data   0x000008
                 APP_DATA      idata   0x000500       data   0x00003f
            SFR_UNBANKED0      udata   0x000f80       data   0x000080



                              Program Memory Usage 
                               Start         End      
                           ---------   ---------      
                            0x000000    0x000005      
                            0x000008    0x00002f      
                            0x00003a    0x006a9e      
                            0x300001    0x300003      
                            0x300005    0x300006      
                            0x300008    0x30000d      
            27294 out of 33048 program addresses used, program memory utilization is 82%



                              Symbols - Sorted by Name
                     Name    Address   Location    Storage File                     
                ---------  ---------  ---------  --------- ---------                
                 APP_init   0x002daa    program     extern C:\Users\IDEONICS-BNG\Desktop\subhra\work on progress\MODBUS_MMD_18F4620\source\app.c
                 APP_task   0x002e50    program     extern C:\Users\IDEONICS-BNG\Desktop\subhra\work on progress\MODBUS_MMD_18F4620\source\app.c
                 BRD_init   0x00681a    program     extern C:\Users\IDEONICS-BNG\Desktop\subhra\work on progress\MODBUS_MMD_18F4620\source\board.c
  ConvertHour12to24Format   0x0020da    program     extern C:\Users\IDEONICS-BNG\Desktop\subhra\work on progress\MODBUS_MMD_18F4620\source\rtc_driver.c
  ConvertTime12to24Format   0x001f80    program     extern C:\Users\IDEONICS-BNG\Desktop\subhra\work on progress\MODBUS_MMD_18F4620\source\rtc_driver.c
  ConvertTime24to12Format   0x001df0    program     extern C:\Users\IDEONICS-BNG\Desktop\subhra\work on progress\MODBUS_MMD_18F4620\source\rtc_driver.c
                    D10_1   0x0068fa    program     static E:\c18v3.46\pic18-lt\cxx-framework\src\traditional\delays\d10tcyx.asm
                     D10x   0x0068f2    program     static E:\c18v3.46\pic18-lt\cxx-framework\src\traditional\delays\d10tcyx.asm
                    D1K_1   0x006880    program     static E:\c18v3.46\pic18-lt\cxx-framework\src\traditional\delays\d1ktcyx.asm
                     D1Kx   0x00687e    program     static E:\c18v3.46\pic18-lt\cxx-framework\src\traditional\delays\d1ktcyx.asm
            DDR_loadDigit   0x006692    program     extern C:\Users\IDEONICS-BNG\Desktop\subhra\work on progress\MODBUS_MMD_18F4620\source\digit_driver.c
              Delay10TCYx   0x0068ea    program     extern E:\c18v3.46\pic18-lt\cxx-framework\src\traditional\delays\d10tcyx.asm
              Delay1KTCYx   0x006874    program     extern E:\c18v3.46\pic18-lt\cxx-framework\src\traditional\delays\d1ktcyx.asm
         EnableInterrupts   0x00002a    program     extern C:\Users\IDEONICS-BNG\Desktop\subhra\work on progress\MODBUS_MMD_18F4620\source\interruptvector.c
                 FXD1616U   0x006848    program     extern E:\c18v3.46\pic18-lt\cxx-framework\src\traditional\math\fxd1616u.c
                 FXM1616U   0x0066d0    program     extern E:\c18v3.46\pic18-lt\cxx-framework\src\traditional\math\fxm1616u.asm
             FontTable5x7   0x004b62    program     extern C:\Users\IDEONICS-BNG\Desktop\subhra\work on progress\MODBUS_MMD_18F4620\source\MMD.c
                  HB_init   0x0068d0    program     extern C:\Users\IDEONICS-BNG\Desktop\subhra\work on progress\MODBUS_MMD_18F4620\source\heartBeat.c
                  HB_task   0x0068d6    program     extern C:\Users\IDEONICS-BNG\Desktop\subhra\work on progress\MODBUS_MMD_18F4620\source\heartBeat.c
            InitializeI2C   0x005872    program     extern C:\Users\IDEONICS-BNG\Desktop\subhra\work on progress\MODBUS_MMD_18F4620\source\i2c_driver.c
                  Int2Day   0x001af2    program     extern C:\Users\IDEONICS-BNG\Desktop\subhra\work on progress\MODBUS_MMD_18F4620\source\rtc_driver.c
         MMD_changeSymbol   0x000c7e    program     extern C:\Users\IDEONICS-BNG\Desktop\subhra\work on progress\MODBUS_MMD_18F4620\source\MMD.c
         MMD_clearSegment   0x000e4c    program     extern C:\Users\IDEONICS-BNG\Desktop\subhra\work on progress\MODBUS_MMD_18F4620\source\MMD.c
        MMD_configSegment   0x0003d4    program     extern C:\Users\IDEONICS-BNG\Desktop\subhra\work on progress\MODBUS_MMD_18F4620\source\MMD.c
                 MMD_init   0x00016e    program     extern C:\Users\IDEONICS-BNG\Desktop\subhra\work on progress\MODBUS_MMD_18F4620\source\MMD.c
       MMD_refreshDisplay   0x00182e    program     extern C:\Users\IDEONICS-BNG\Desktop\subhra\work on progress\MODBUS_MMD_18F4620\source\MMD.c
       MMD_setScrollSpeed   0x000c26    program     extern C:\Users\IDEONICS-BNG\Desktop\subhra\work on progress\MODBUS_MMD_18F4620\source\MMD.c
                 MMD_task   0x00108e    program     extern C:\Users\IDEONICS-BNG\Desktop\subhra\work on progress\MODBUS_MMD_18F4620\source\MMD.c
               OpenTimer0   0x0067b4    program     extern E:\c18v3.46\pic18-lt\cxx-framework\src\pmc_common\Timers\t0open.c
               OpenTimer1   0x006612    program     extern E:\c18v3.46\pic18-lt\cxx-framework\src\pmc_common\Timers\t1open.c
               OpenTimer3   0x0065d0    program     extern E:\c18v3.46\pic18-lt\cxx-framework\src\pmc_common\Timers\t3open.c
                OpenUSART   0x00649a    program     extern E:\c18v3.46\pic18-lt\cxx-framework\src\pmc_common\USART\uopen.c
                 RTC_Init   0x002366    program     extern C:\Users\IDEONICS-BNG\Desktop\subhra\work on progress\MODBUS_MMD_18F4620\source\rtc_driver.c
                 RTC_Task   0x0023ba    program     extern C:\Users\IDEONICS-BNG\Desktop\subhra\work on progress\MODBUS_MMD_18F4620\source\rtc_driver.c
              RTC_getDate   0x0023ee    program     extern C:\Users\IDEONICS-BNG\Desktop\subhra\work on progress\MODBUS_MMD_18F4620\source\rtc_driver.c
               RTC_getDay   0x0023de    program     extern C:\Users\IDEONICS-BNG\Desktop\subhra\work on progress\MODBUS_MMD_18F4620\source\rtc_driver.c
            RTC_getDayStr   0x002432    program     extern C:\Users\IDEONICS-BNG\Desktop\subhra\work on progress\MODBUS_MMD_18F4620\source\rtc_driver.c
              RTC_getHour   0x0023f6    program     extern C:\Users\IDEONICS-BNG\Desktop\subhra\work on progress\MODBUS_MMD_18F4620\source\rtc_driver.c
            RTC_getMinute   0x0023fe    program     extern C:\Users\IDEONICS-BNG\Desktop\subhra\work on progress\MODBUS_MMD_18F4620\source\rtc_driver.c
       RTC_getMinuteOfDay   0x00240e    program     extern C:\Users\IDEONICS-BNG\Desktop\subhra\work on progress\MODBUS_MMD_18F4620\source\rtc_driver.c
             RTC_getMonth   0x0023e6    program     extern C:\Users\IDEONICS-BNG\Desktop\subhra\work on progress\MODBUS_MMD_18F4620\source\rtc_driver.c
          RTC_getMonthStr   0x00245c    program     extern C:\Users\IDEONICS-BNG\Desktop\subhra\work on progress\MODBUS_MMD_18F4620\source\rtc_driver.c
            RTC_getSecond   0x002406    program     extern C:\Users\IDEONICS-BNG\Desktop\subhra\work on progress\MODBUS_MMD_18F4620\source\rtc_driver.c
              ReadByteI2C   0x005a42    program     extern C:\Users\IDEONICS-BNG\Desktop\subhra\work on progress\MODBUS_MMD_18F4620\source\i2c_driver.c
                  ReadI2C   0x0059a0    program     extern C:\Users\IDEONICS-BNG\Desktop\subhra\work on progress\MODBUS_MMD_18F4620\source\i2c_driver.c
       ReadRtcTimeAndDate   0x001b2a    program     extern C:\Users\IDEONICS-BNG\Desktop\subhra\work on progress\MODBUS_MMD_18F4620\source\rtc_driver.c
                ReadUSART   0x006654    program     extern E:\c18v3.46\pic18-lt\cxx-framework\src\pmc_common\USART\uread.c
                 ResetI2C   0x0058d6    program     extern C:\Users\IDEONICS-BNG\Desktop\subhra\work on progress\MODBUS_MMD_18F4620\source\i2c_driver.c
              SetHourMode   0x001d86    program     extern C:\Users\IDEONICS-BNG\Desktop\subhra\work on progress\MODBUS_MMD_18F4620\source\rtc_driver.c
                 StartI2C   0x00588a    program     extern C:\Users\IDEONICS-BNG\Desktop\subhra\work on progress\MODBUS_MMD_18F4620\source\i2c_driver.c
                  StopI2C   0x0058b6    program     extern C:\Users\IDEONICS-BNG\Desktop\subhra\work on progress\MODBUS_MMD_18F4620\source\i2c_driver.c
          StoreSystemDate   0x002236    program     extern C:\Users\IDEONICS-BNG\Desktop\subhra\work on progress\MODBUS_MMD_18F4620\source\rtc_driver.c
           StoreSystemDay   0x00232e    program     extern C:\Users\IDEONICS-BNG\Desktop\subhra\work on progress\MODBUS_MMD_18F4620\source\rtc_driver.c
          StoreSystemTime   0x002140    program     extern C:\Users\IDEONICS-BNG\Desktop\subhra\work on progress\MODBUS_MMD_18F4620\source\rtc_driver.c
                 TMR0_ISR   0x005ab8    program     extern C:\Users\IDEONICS-BNG\Desktop\subhra\work on progress\MODBUS_MMD_18F4620\source\timer.c
                TMR0_init   0x005c44    program     extern C:\Users\IDEONICS-BNG\Desktop\subhra\work on progress\MODBUS_MMD_18F4620\source\timer.c
                 TMR1_ISR   0x005b8a    program     extern C:\Users\IDEONICS-BNG\Desktop\subhra\work on progress\MODBUS_MMD_18F4620\source\timer.c
                TMR1_init   0x005c8a    program     extern C:\Users\IDEONICS-BNG\Desktop\subhra\work on progress\MODBUS_MMD_18F4620\source\timer.c
             WriteByteI2C   0x005a86    program     extern C:\Users\IDEONICS-BNG\Desktop\subhra\work on progress\MODBUS_MMD_18F4620\source\i2c_driver.c
       WriteDataToDisplay   0x001aa2    program     extern C:\Users\IDEONICS-BNG\Desktop\subhra\work on progress\MODBUS_MMD_18F4620\source\MMD.c
                 WriteI2C   0x005912    program     extern C:\Users\IDEONICS-BNG\Desktop\subhra\work on progress\MODBUS_MMD_18F4620\source\i2c_driver.c
      WriteRtcTimeAndDate   0x001c7a    program     extern C:\Users\IDEONICS-BNG\Desktop\subhra\work on progress\MODBUS_MMD_18F4620\source\rtc_driver.c
              WriteTimer0   0x00677c    program     extern E:\c18v3.46\pic18-lt\cxx-framework\src\pmc_common\Timers\t0write.c
              WriteTimer1   0x006744    program     extern E:\c18v3.46\pic18-lt\cxx-framework\src\pmc_common\Timers\t1write.c
              WriteTimer3   0x00670c    program     extern E:\c18v3.46\pic18-lt\cxx-framework\src\pmc_common\Timers\t3write.c
               WriteUSART   0x0067ec    program     extern E:\c18v3.46\pic18-lt\cxx-framework\src\pmc_common\USART\uwrite.c
              _2jContinue   0x00638a    program     static E:\c18v3.46\pic18-lt\cxx-framework\src\traditional\stdclib\memset.asm
                   _3jEnd   0x006394    program     static E:\c18v3.46\pic18-lt\cxx-framework\src\traditional\stdclib\memset.asm
              _4jContinue   0x006348    program     static E:\c18v3.46\pic18-lt\cxx-framework\src\traditional\stdclib\memcpy.asm
                   _5jEnd   0x006352    program     static E:\c18v3.46\pic18-lt\cxx-framework\src\traditional\stdclib\memcpy.asm
        _D10TCYXCODE_000A   0x0068f4    program     static E:\c18v3.46\pic18-lt\cxx-framework\src\traditional\delays\d10tcyx.asm
        _D10TCYXCODE_000C   0x0068f6    program     static E:\c18v3.46\pic18-lt\cxx-framework\src\traditional\delays\d10tcyx.asm
        _D10TCYXCODE_000E   0x0068f8    program     static E:\c18v3.46\pic18-lt\cxx-framework\src\traditional\delays\d10tcyx.asm
        _D1KTCYXCODE_0010   0x006884    program     static E:\c18v3.46\pic18-lt\cxx-framework\src\traditional\delays\d1ktcyx.asm
        _D1KTCYXCODE_0016   0x00688a    program     static E:\c18v3.46\pic18-lt\cxx-framework\src\traditional\delays\d1ktcyx.asm
           ___do_lbl00001   0x005556    program     static                          
           ___do_lbl00002   0x005556    program     static                          
           ___do_lbl00005   0x005524    program     static                          
           ___do_lbl00006   0x005598    program     static                          
           ___do_lbl00007   0x005598    program     static                          
           ___do_lbl00010   0x005566    program     static                          
           ___if_lbl00001   0x000010    program     static                          
           ___if_lbl00002   0x000018    program     static                          
           ___if_lbl00003   0x000020    program     static                          
           ___if_lbl00004   0x000028    program     static                          
           ___if_lbl00013   0x0055ba    program     static                          
           ___if_lbl00014   0x0055d0    program     static                          
           ___if_lbl00015   0x0055ea    program     static                          
           ___if_lbl00016   0x005602    program     static                          
       ___return_lbl00000   0x006872    program     static                          
       ___return_lbl00000   0x000028    program     static                          
       ___return_lbl00000   0x000004    program     static                          
       ___return_lbl00000   0x005606    program     static                          
       ___return_lbl00001   0x0068ce    program     static                          
       ___return_lbl00002   0x006498    program     static                          
        ___while_lbl00003   0x005532    program     static                          
        ___while_lbl00004   0x005556    program     static                          
        ___while_lbl00008   0x005574    program     static                          
        ___while_lbl00009   0x005598    program     static                          
        ___while_lbl00011   0x005598    program     static                          
        ___while_lbl00012   0x005606    program     static                          
               __config_0   0x300001    program     static C:\Users\IDEONICS-BNG\Desktop\subhra\work on progress\MODBUS_MMD_18F4620\source\main.c
               __config_1   0x300002    program     static C:\Users\IDEONICS-BNG\Desktop\subhra\work on progress\MODBUS_MMD_18F4620\source\main.c
              __config_10   0x30000d    program     static C:\Users\IDEONICS-BNG\Desktop\subhra\work on progress\MODBUS_MMD_18F4620\source\main.c
               __config_2   0x300003    program     static C:\Users\IDEONICS-BNG\Desktop\subhra\work on progress\MODBUS_MMD_18F4620\source\main.c
               __config_3   0x300005    program     static C:\Users\IDEONICS-BNG\Desktop\subhra\work on progress\MODBUS_MMD_18F4620\source\main.c
               __config_4   0x300006    program     static C:\Users\IDEONICS-BNG\Desktop\subhra\work on progress\MODBUS_MMD_18F4620\source\main.c
               __config_5   0x300008    program     static C:\Users\IDEONICS-BNG\Desktop\subhra\work on progress\MODBUS_MMD_18F4620\source\main.c
               __config_6   0x300009    program     static C:\Users\IDEONICS-BNG\Desktop\subhra\work on progress\MODBUS_MMD_18F4620\source\main.c
               __config_7   0x30000a    program     static C:\Users\IDEONICS-BNG\Desktop\subhra\work on progress\MODBUS_MMD_18F4620\source\main.c
               __config_8   0x30000b    program     static C:\Users\IDEONICS-BNG\Desktop\subhra\work on progress\MODBUS_MMD_18F4620\source\main.c
               __config_9   0x30000c    program     static C:\Users\IDEONICS-BNG\Desktop\subhra\work on progress\MODBUS_MMD_18F4620\source\main.c
                   __init   0x006900    program     extern E:\c18v3.46\pic18-lt\cxx-framework\src\traditional\stdclib\__init.c
               __string_0   0x0065cc    program     static C:\Users\IDEONICS-BNG\Desktop\subhra\work on progress\MODBUS_MMD_18F4620\source\rtc_driver.c
               __string_1   0x0065c8    program     static C:\Users\IDEONICS-BNG\Desktop\subhra\work on progress\MODBUS_MMD_18F4620\source\rtc_driver.c
              __string_10   0x0065a4    program     static C:\Users\IDEONICS-BNG\Desktop\subhra\work on progress\MODBUS_MMD_18F4620\source\rtc_driver.c
              __string_11   0x0065a0    program     static C:\Users\IDEONICS-BNG\Desktop\subhra\work on progress\MODBUS_MMD_18F4620\source\rtc_driver.c
              __string_12   0x00659c    program     static C:\Users\IDEONICS-BNG\Desktop\subhra\work on progress\MODBUS_MMD_18F4620\source\rtc_driver.c
              __string_13   0x006598    program     static C:\Users\IDEONICS-BNG\Desktop\subhra\work on progress\MODBUS_MMD_18F4620\source\rtc_driver.c
              __string_14   0x006594    program     static C:\Users\IDEONICS-BNG\Desktop\subhra\work on progress\MODBUS_MMD_18F4620\source\rtc_driver.c
              __string_15   0x006590    program     static C:\Users\IDEONICS-BNG\Desktop\subhra\work on progress\MODBUS_MMD_18F4620\source\rtc_driver.c
              __string_16   0x00658c    program     static C:\Users\IDEONICS-BNG\Desktop\subhra\work on progress\MODBUS_MMD_18F4620\source\rtc_driver.c
              __string_17   0x006588    program     static C:\Users\IDEONICS-BNG\Desktop\subhra\work on progress\MODBUS_MMD_18F4620\source\rtc_driver.c
              __string_18   0x006584    program     static C:\Users\IDEONICS-BNG\Desktop\subhra\work on progress\MODBUS_MMD_18F4620\source\rtc_driver.c
               __string_2   0x0065c4    program     static C:\Users\IDEONICS-BNG\Desktop\subhra\work on progress\MODBUS_MMD_18F4620\source\rtc_driver.c
               __string_3   0x0065c0    program     static C:\Users\IDEONICS-BNG\Desktop\subhra\work on progress\MODBUS_MMD_18F4620\source\rtc_driver.c
               __string_4   0x0065bc    program     static C:\Users\IDEONICS-BNG\Desktop\subhra\work on progress\MODBUS_MMD_18F4620\source\rtc_driver.c
               __string_5   0x0065b8    program     static C:\Users\IDEONICS-BNG\Desktop\subhra\work on progress\MODBUS_MMD_18F4620\source\rtc_driver.c
               __string_6   0x0065b4    program     static C:\Users\IDEONICS-BNG\Desktop\subhra\work on progress\MODBUS_MMD_18F4620\source\rtc_driver.c
               __string_7   0x0065b0    program     static C:\Users\IDEONICS-BNG\Desktop\subhra\work on progress\MODBUS_MMD_18F4620\source\rtc_driver.c
               __string_8   0x0065ac    program     static C:\Users\IDEONICS-BNG\Desktop\subhra\work on progress\MODBUS_MMD_18F4620\source\rtc_driver.c
               __string_9   0x0065a8    program     static C:\Users\IDEONICS-BNG\Desktop\subhra\work on progress\MODBUS_MMD_18F4620\source\rtc_driver.c
               __tmplbl_0   0x0055aa    program     static                          
            __zero_memory   0x006894    program     extern E:\c18v3.46\pic18-lt\cxx-framework\src\traditional\proc\p18f4520.asm
                _do_cinit   0x0063fc    program     extern E:\c18v3.46\pic18-lt\cxx-framework\src\traditional\startup\c018i.c
                   _entry   0x000000    program     extern E:\c18v3.46\pic18-lt\cxx-framework\src\traditional\startup\c018i.c
                 _startup   0x0068b4    program     extern E:\c18v3.46\pic18-lt\cxx-framework\src\traditional\startup\c018i.c
                     atoi   0x00622a    program     extern E:\c18v3.46\pic18-lt\cxx-framework\src\traditional\stdclib\atoi.asm
                 aucCRCHi   0x005cd2    program     static C:\Users\IDEONICS-BNG\Desktop\subhra\work on progress\MODBUS_MMD_18F4620\modbus\rtu\mbcrc.c
                 aucCRCLo   0x005dd2    program     static C:\Users\IDEONICS-BNG\Desktop\subhra\work on progress\MODBUS_MMD_18F4620\modbus\rtu\mbcrc.c
                 clearBit   0x000136    program     static C:\Users\IDEONICS-BNG\Desktop\subhra\work on progress\MODBUS_MMD_18F4620\source\MMD.c
                compare_l   0x0068aa    program     static E:\c18v3.46\pic18-lt\cxx-framework\src\traditional\proc\p18f4520.asm
                copy_loop   0x00646e    program     static                          
            copy_one_byte   0x006474    program     static                          
           displayRTCData   0x00352c    program     extern C:\Users\IDEONICS-BNG\Desktop\subhra\work on progress\MODBUS_MMD_18F4620\source\app.c
                     done   0x006498    program     static                          
             done_copying   0x006482    program     static                          
                 eMBClose   0x003fc2    program     extern C:\Users\IDEONICS-BNG\Desktop\subhra\work on progress\MODBUS_MMD_18F4620\modbus\mb.c
               eMBDisable   0x004040    program     extern C:\Users\IDEONICS-BNG\Desktop\subhra\work on progress\MODBUS_MMD_18F4620\modbus\mb.c
                eMBEnable   0x004004    program     extern C:\Users\IDEONICS-BNG\Desktop\subhra\work on progress\MODBUS_MMD_18F4620\modbus\mb.c
         eMBFuncReadCoils   0x003696    program     extern C:\Users\IDEONICS-BNG\Desktop\subhra\work on progress\MODBUS_MMD_18F4620\modbus\functions\mbfunccoils.c
eMBFuncReadDiscreteInputs   0x005150    program     extern C:\Users\IDEONICS-BNG\Desktop\subhra\work on progress\MODBUS_MMD_18F4620\modbus\functions\mbfuncdisc.c
eMBFuncReadHoldingRegister   0x00277a    program     extern C:\Users\IDEONICS-BNG\Desktop\subhra\work on progress\MODBUS_MMD_18F4620\modbus\functions\mbfuncholding.c
 eMBFuncReadInputRegister   0x00561a    program     extern C:\Users\IDEONICS-BNG\Desktop\subhra\work on progress\MODBUS_MMD_18F4620\modbus\functions\mbfuncinput.c
eMBFuncReadWriteMultipleHoldingRegister   0x0029bc    program     extern C:\Users\IDEONICS-BNG\Desktop\subhra\work on progress\MODBUS_MMD_18F4620\modbus\functions\mbfuncholding.c
     eMBFuncReportSlaveID   0x005fc6    program     extern C:\Users\IDEONICS-BNG\Desktop\subhra\work on progress\MODBUS_MMD_18F4620\modbus\functions\mbfuncother.c
         eMBFuncWriteCoil   0x003908    program     extern C:\Users\IDEONICS-BNG\Desktop\subhra\work on progress\MODBUS_MMD_18F4620\modbus\functions\mbfunccoils.c
eMBFuncWriteHoldingRegister   0x002486    program     extern C:\Users\IDEONICS-BNG\Desktop\subhra\work on progress\MODBUS_MMD_18F4620\modbus\functions\mbfuncholding.c
eMBFuncWriteMultipleCoils   0x003a7a    program     extern C:\Users\IDEONICS-BNG\Desktop\subhra\work on progress\MODBUS_MMD_18F4620\modbus\functions\mbfunccoils.c
eMBFuncWriteMultipleHoldingRegister   0x002576    program     extern C:\Users\IDEONICS-BNG\Desktop\subhra\work on progress\MODBUS_MMD_18F4620\modbus\functions\mbfuncholding.c
                  eMBInit   0x003ca8    program     extern C:\Users\IDEONICS-BNG\Desktop\subhra\work on progress\MODBUS_MMD_18F4620\modbus\mb.c
                  eMBPoll   0x004086    program     extern C:\Users\IDEONICS-BNG\Desktop\subhra\work on progress\MODBUS_MMD_18F4620\modbus\mb.c
               eMBRTUInit   0x0042ae    program     extern C:\Users\IDEONICS-BNG\Desktop\subhra\work on progress\MODBUS_MMD_18F4620\modbus\rtu\mbrtu.c
            eMBRTUReceive   0x004420    program     extern C:\Users\IDEONICS-BNG\Desktop\subhra\work on progress\MODBUS_MMD_18F4620\modbus\rtu\mbrtu.c
               eMBRTUSend   0x004500    program     extern C:\Users\IDEONICS-BNG\Desktop\subhra\work on progress\MODBUS_MMD_18F4620\modbus\rtu\mbrtu.c
              eMBRTUStart   0x0043ee    program     extern C:\Users\IDEONICS-BNG\Desktop\subhra\work on progress\MODBUS_MMD_18F4620\modbus\rtu\mbrtu.c
               eMBRTUStop   0x00440a    program     extern C:\Users\IDEONICS-BNG\Desktop\subhra\work on progress\MODBUS_MMD_18F4620\modbus\rtu\mbrtu.c
            eMBRegCoilsCB   0x00314a    program     extern C:\Users\IDEONICS-BNG\Desktop\subhra\work on progress\MODBUS_MMD_18F4620\source\app.c
         eMBRegDiscreteCB   0x00315e    program     extern C:\Users\IDEONICS-BNG\Desktop\subhra\work on progress\MODBUS_MMD_18F4620\source\app.c
          eMBRegHoldingCB   0x002ff8    program     extern C:\Users\IDEONICS-BNG\Desktop\subhra\work on progress\MODBUS_MMD_18F4620\source\app.c
            eMBRegInputCB   0x002fce    program     extern C:\Users\IDEONICS-BNG\Desktop\subhra\work on progress\MODBUS_MMD_18F4620\source\app.c
            eMBRegisterCB   0x003dae    program     extern C:\Users\IDEONICS-BNG\Desktop\subhra\work on progress\MODBUS_MMD_18F4620\modbus\mb.c
            eMBSetSlaveID   0x005ed2    program     extern C:\Users\IDEONICS-BNG\Desktop\subhra\work on progress\MODBUS_MMD_18F4620\modbus\functions\mbfuncother.c
                  endloop   0x00686e    program     static                          
                   getBit   0x0000c0    program     static C:\Users\IDEONICS-BNG\Desktop\subhra\work on progress\MODBUS_MMD_18F4620\source\MMD.c
             handleMBData   0x003172    program     extern C:\Users\IDEONICS-BNG\Desktop\subhra\work on progress\MODBUS_MMD_18F4620\source\app.c
           high_interrupt   0x000008    program     extern C:\Users\IDEONICS-BNG\Desktop\subhra\work on progress\MODBUS_MMD_18F4620\source\interruptvector.c
                     jEnd   0x0062e8    program     static E:\c18v3.46\pic18-lt\cxx-framework\src\traditional\stdclib\atoi.asm
                     jEnd   0x006358    program     static E:\c18v3.46\pic18-lt\cxx-framework\src\traditional\stdclib\memcpy.asm
                     jEnd   0x00639c    program     static E:\c18v3.46\pic18-lt\cxx-framework\src\traditional\stdclib\memset.asm
                     jEnd   0x0063fa    program     static E:\c18v3.46\pic18-lt\cxx-framework\src\traditional\stdclib\strlen.asm
                 jEndLoop   0x0062d0    program     static E:\c18v3.46\pic18-lt\cxx-framework\src\traditional\stdclib\atoi.asm
                    jLoop   0x0063f0    program     static E:\c18v3.46\pic18-lt\cxx-framework\src\traditional\stdclib\strlen.asm
                    jLoop   0x0063c6    program     static E:\c18v3.46\pic18-lt\cxx-framework\src\traditional\stdclib\strcpy.asm
                    jLoop   0x00637e    program     static E:\c18v3.46\pic18-lt\cxx-framework\src\traditional\stdclib\memset.asm
                    jLoop   0x00633c    program     static E:\c18v3.46\pic18-lt\cxx-framework\src\traditional\stdclib\memcpy.asm
                    jLoop   0x006282    program     static E:\c18v3.46\pic18-lt\cxx-framework\src\traditional\stdclib\atoi.asm
                  jSkipWS   0x006258    program     static E:\c18v3.46\pic18-lt\cxx-framework\src\traditional\stdclib\atoi.asm
                 jSkipWS1   0x00626a    program     static E:\c18v3.46\pic18-lt\cxx-framework\src\traditional\stdclib\atoi.asm
                 jTstSign   0x00626e    program     static E:\c18v3.46\pic18-lt\cxx-framework\src\traditional\stdclib\atoi.asm
                jTstSign1   0x00627a    program     static E:\c18v3.46\pic18-lt\cxx-framework\src\traditional\stdclib\atoi.asm
                jTstSign2   0x006280    program     static E:\c18v3.46\pic18-lt\cxx-framework\src\traditional\stdclib\atoi.asm
                jTstSign3   0x006282    program     static E:\c18v3.46\pic18-lt\cxx-framework\src\traditional\stdclib\atoi.asm
         leftBitPackTable   0x004e86    program     extern C:\Users\IDEONICS-BNG\Desktop\subhra\work on progress\MODBUS_MMD_18F4620\source\MMD.c
                     loop   0x0068c4    program     static                          
                     loop   0x006852    program     static                          
                   loop_h   0x0068a2    program     static E:\c18v3.46\pic18-lt\cxx-framework\src\traditional\proc\p18f4520.asm
                   loop_l   0x0068ac    program     static E:\c18v3.46\pic18-lt\cxx-framework\src\traditional\proc\p18f4520.asm
                     main   0x0053c0    program     extern C:\Users\IDEONICS-BNG\Desktop\subhra\work on progress\MODBUS_MMD_18F4620\source\main.c
                   memcpy   0x006314    program     extern E:\c18v3.46\pic18-lt\cxx-framework\src\traditional\stdclib\memcpy.asm
                   memset   0x00636a    program     extern E:\c18v3.46\pic18-lt\cxx-framework\src\traditional\stdclib\memset.asm
    prveMBError2Exception   0x004b24    program     extern C:\Users\IDEONICS-BNG\Desktop\subhra\work on progress\MODBUS_MMD_18F4620\modbus\functions\mbutils.c
      prvvTIMERExpiredISR   0x00617c    program     extern C:\Users\IDEONICS-BNG\Desktop\subhra\work on progress\MODBUS_MMD_18F4620\modbus\porttimer.c
            prvvUARTRxISR   0x0050a4    program     extern C:\Users\IDEONICS-BNG\Desktop\subhra\work on progress\MODBUS_MMD_18F4620\modbus\portserial.c
       prvvUARTTxReadyISR   0x004ff8    program     extern C:\Users\IDEONICS-BNG\Desktop\subhra\work on progress\MODBUS_MMD_18F4620\modbus\portserial.c
        rightBitPackTable   0x004e7a    program     extern C:\Users\IDEONICS-BNG\Desktop\subhra\work on progress\MODBUS_MMD_18F4620\source\MMD.c
                   setBit   0x000100    program     static C:\Users\IDEONICS-BNG\Desktop\subhra\work on progress\MODBUS_MMD_18F4620\source\MMD.c
                   strcpy   0x00639e    program     extern E:\c18v3.46\pic18-lt\cxx-framework\src\traditional\stdclib\strcpy.asm
                   strlen   0x0063e0    program     extern E:\c18v3.46\pic18-lt\cxx-framework\src\traditional\stdclib\strlen.asm
                     test   0x006416    program     static                          
                usMBCRC16   0x006038    program     extern C:\Users\IDEONICS-BNG\Desktop\subhra\work on progress\MODBUS_MMD_18F4620\modbus\rtu\mbcrc.c
      vMBPortSerialEnable   0x004e92    program     extern C:\Users\IDEONICS-BNG\Desktop\subhra\work on progress\MODBUS_MMD_18F4620\modbus\portserial.c
     vMBPortTimersDisable   0x006178    program     extern C:\Users\IDEONICS-BNG\Desktop\subhra\work on progress\MODBUS_MMD_18F4620\modbus\porttimer.c
      vMBPortTimersEnable   0x006162    program     extern C:\Users\IDEONICS-BNG\Desktop\subhra\work on progress\MODBUS_MMD_18F4620\modbus\porttimer.c
          xMBPortEventGet   0x00654e    program     extern C:\Users\IDEONICS-BNG\Desktop\subhra\work on progress\MODBUS_MMD_18F4620\modbus\portevent.c
         xMBPortEventInit   0x006524    program     extern C:\Users\IDEONICS-BNG\Desktop\subhra\work on progress\MODBUS_MMD_18F4620\modbus\portevent.c
         xMBPortEventPost   0x00652e    program     extern C:\Users\IDEONICS-BNG\Desktop\subhra\work on progress\MODBUS_MMD_18F4620\modbus\portevent.c
     xMBPortSerialGetByte   0x004fc8    program     extern C:\Users\IDEONICS-BNG\Desktop\subhra\work on progress\MODBUS_MMD_18F4620\modbus\portserial.c
        xMBPortSerialInit   0x004ec8    program     extern C:\Users\IDEONICS-BNG\Desktop\subhra\work on progress\MODBUS_MMD_18F4620\modbus\portserial.c
     xMBPortSerialPutByte   0x004f92    program     extern C:\Users\IDEONICS-BNG\Desktop\subhra\work on progress\MODBUS_MMD_18F4620\modbus\portserial.c
        xMBPortTimersInit   0x006134    program     extern C:\Users\IDEONICS-BNG\Desktop\subhra\work on progress\MODBUS_MMD_18F4620\modbus\porttimer.c
         xMBRTUReceiveFSM   0x004610    program     extern C:\Users\IDEONICS-BNG\Desktop\subhra\work on progress\MODBUS_MMD_18F4620\modbus\rtu\mbrtu.c
    xMBRTUTimerT35Expired   0x00476c    program     extern C:\Users\IDEONICS-BNG\Desktop\subhra\work on progress\MODBUS_MMD_18F4620\modbus\rtu\mbrtu.c
        xMBRTUTransmitFSM   0x0046de    program     extern C:\Users\IDEONICS-BNG\Desktop\subhra\work on progress\MODBUS_MMD_18F4620\modbus\rtu\mbrtu.c
           xMBUtilGetBits   0x0049e2    program     extern C:\Users\IDEONICS-BNG\Desktop\subhra\work on progress\MODBUS_MMD_18F4620\modbus\functions\mbutils.c
           xMBUtilSetBits   0x0047be    program     extern C:\Users\IDEONICS-BNG\Desktop\subhra\work on progress\MODBUS_MMD_18F4620\modbus\functions\mbutils.c
               zero_block   0x0068a2    program     static E:\c18v3.46\pic18-lt\cxx-framework\src\traditional\proc\p18f4520.asm
                   ADCON0   0x000fc2       data     extern E:\c18v3.46\pic18-lt\cxx-framework\src\traditional\proc\p18f4520.asm
               ADCON0bits   0x000fc2       data     extern E:\c18v3.46\pic18-lt\cxx-framework\src\traditional\proc\p18f4520.asm
                   ADCON1   0x000fc1       data     extern E:\c18v3.46\pic18-lt\cxx-framework\src\traditional\proc\p18f4520.asm
               ADCON1bits   0x000fc1       data     extern E:\c18v3.46\pic18-lt\cxx-framework\src\traditional\proc\p18f4520.asm
                   ADCON2   0x000fc0       data     extern E:\c18v3.46\pic18-lt\cxx-framework\src\traditional\proc\p18f4520.asm
               ADCON2bits   0x000fc0       data     extern E:\c18v3.46\pic18-lt\cxx-framework\src\traditional\proc\p18f4520.asm
                    ADRES   0x000fc3       data     extern E:\c18v3.46\pic18-lt\cxx-framework\src\traditional\proc\p18f4520.asm
                   ADRESH   0x000fc4       data     extern E:\c18v3.46\pic18-lt\cxx-framework\src\traditional\proc\p18f4520.asm
                   ADRESL   0x000fc3       data     extern E:\c18v3.46\pic18-lt\cxx-framework\src\traditional\proc\p18f4520.asm
                  BAUDCON   0x000fb8       data     extern E:\c18v3.46\pic18-lt\cxx-framework\src\traditional\proc\p18f4520.asm
              BAUDCONbits   0x000fb8       data     extern E:\c18v3.46\pic18-lt\cxx-framework\src\traditional\proc\p18f4520.asm
                  BAUDCTL   0x000fb8       data     extern E:\c18v3.46\pic18-lt\cxx-framework\src\traditional\proc\p18f4520.asm
              BAUDCTLbits   0x000fb8       data     extern E:\c18v3.46\pic18-lt\cxx-framework\src\traditional\proc\p18f4520.asm
                      BSR   0x000fe0       data     extern E:\c18v3.46\pic18-lt\cxx-framework\src\traditional\proc\p18f4520.asm
                  CCP1CON   0x000fbd       data     extern E:\c18v3.46\pic18-lt\cxx-framework\src\traditional\proc\p18f4520.asm
              CCP1CONbits   0x000fbd       data     extern E:\c18v3.46\pic18-lt\cxx-framework\src\traditional\proc\p18f4520.asm
                  CCP2CON   0x000fba       data     extern E:\c18v3.46\pic18-lt\cxx-framework\src\traditional\proc\p18f4520.asm
              CCP2CONbits   0x000fba       data     extern E:\c18v3.46\pic18-lt\cxx-framework\src\traditional\proc\p18f4520.asm
                    CCPR1   0x000fbe       data     extern E:\c18v3.46\pic18-lt\cxx-framework\src\traditional\proc\p18f4520.asm
                   CCPR1H   0x000fbf       data     extern E:\c18v3.46\pic18-lt\cxx-framework\src\traditional\proc\p18f4520.asm
                   CCPR1L   0x000fbe       data     extern E:\c18v3.46\pic18-lt\cxx-framework\src\traditional\proc\p18f4520.asm
                    CCPR2   0x000fbb       data     extern E:\c18v3.46\pic18-lt\cxx-framework\src\traditional\proc\p18f4520.asm
                   CCPR2H   0x000fbc       data     extern E:\c18v3.46\pic18-lt\cxx-framework\src\traditional\proc\p18f4520.asm
                   CCPR2L   0x000fbb       data     extern E:\c18v3.46\pic18-lt\cxx-framework\src\traditional\proc\p18f4520.asm
                    CMCON   0x000fb4       data     extern E:\c18v3.46\pic18-lt\cxx-framework\src\traditional\proc\p18f4520.asm
                CMCONbits   0x000fb4       data     extern E:\c18v3.46\pic18-lt\cxx-framework\src\traditional\proc\p18f4520.asm
                   CVRCON   0x000fb5       data     extern E:\c18v3.46\pic18-lt\cxx-framework\src\traditional\proc\p18f4520.asm
               CVRCONbits   0x000fb5       data     extern E:\c18v3.46\pic18-lt\cxx-framework\src\traditional\proc\p18f4520.asm
                     DDRA   0x000f92       data     extern E:\c18v3.46\pic18-lt\cxx-framework\src\traditional\proc\p18f4520.asm
                 DDRAbits   0x000f92       data     extern E:\c18v3.46\pic18-lt\cxx-framework\src\traditional\proc\p18f4520.asm
                     DDRB   0x000f93       data     extern E:\c18v3.46\pic18-lt\cxx-framework\src\traditional\proc\p18f4520.asm
                 DDRBbits   0x000f93       data     extern E:\c18v3.46\pic18-lt\cxx-framework\src\traditional\proc\p18f4520.asm
                     DDRC   0x000f94       data     extern E:\c18v3.46\pic18-lt\cxx-framework\src\traditional\proc\p18f4520.asm
                 DDRCbits   0x000f94       data     extern E:\c18v3.46\pic18-lt\cxx-framework\src\traditional\proc\p18f4520.asm
                     DDRD   0x000f95       data     extern E:\c18v3.46\pic18-lt\cxx-framework\src\traditional\proc\p18f4520.asm
                 DDRDbits   0x000f95       data     extern E:\c18v3.46\pic18-lt\cxx-framework\src\traditional\proc\p18f4520.asm
                     DDRE   0x000f96       data     extern E:\c18v3.46\pic18-lt\cxx-framework\src\traditional\proc\p18f4520.asm
                 DDREbits   0x000f96       data     extern E:\c18v3.46\pic18-lt\cxx-framework\src\traditional\proc\p18f4520.asm
                   DayStr   0x000373       data     extern C:\Users\IDEONICS-BNG\Desktop\subhra\work on progress\MODBUS_MMD_18F4620\source\rtc_driver.c
            DelayCounter1   0x00001e       data     extern E:\c18v3.46\pic18-lt\cxx-framework\src\traditional\delays\delayd1.asm
                  ECCP1AS   0x000fb6       data     extern E:\c18v3.46\pic18-lt\cxx-framework\src\traditional\proc\p18f4520.asm
              ECCP1ASbits   0x000fb6       data     extern E:\c18v3.46\pic18-lt\cxx-framework\src\traditional\proc\p18f4520.asm
                 ECCP1DEL   0x000fb7       data     extern E:\c18v3.46\pic18-lt\cxx-framework\src\traditional\proc\p18f4520.asm
             ECCP1DELbits   0x000fb7       data     extern E:\c18v3.46\pic18-lt\cxx-framework\src\traditional\proc\p18f4520.asm
                   ECCPAS   0x000fb6       data     extern E:\c18v3.46\pic18-lt\cxx-framework\src\traditional\proc\p18f4520.asm
               ECCPASbits   0x000fb6       data     extern E:\c18v3.46\pic18-lt\cxx-framework\src\traditional\proc\p18f4520.asm
                    EEADR   0x000fa9       data     extern E:\c18v3.46\pic18-lt\cxx-framework\src\traditional\proc\p18f4520.asm
                   EECON1   0x000fa6       data     extern E:\c18v3.46\pic18-lt\cxx-framework\src\traditional\proc\p18f4520.asm
               EECON1bits   0x000fa6       data     extern E:\c18v3.46\pic18-lt\cxx-framework\src\traditional\proc\p18f4520.asm
                   EECON2   0x000fa7       data     extern E:\c18v3.46\pic18-lt\cxx-framework\src\traditional\proc\p18f4520.asm
                   EEDATA   0x000fa8       data     extern E:\c18v3.46\pic18-lt\cxx-framework\src\traditional\proc\p18f4520.asm
                     FSR0   0x000fe9       data     extern E:\c18v3.46\pic18-lt\cxx-framework\src\traditional\proc\p18f4520.asm
                    FSR0H   0x000fea       data     extern E:\c18v3.46\pic18-lt\cxx-framework\src\traditional\proc\p18f4520.asm
                    FSR0L   0x000fe9       data     extern E:\c18v3.46\pic18-lt\cxx-framework\src\traditional\proc\p18f4520.asm
                     FSR1   0x000fe1       data     extern E:\c18v3.46\pic18-lt\cxx-framework\src\traditional\proc\p18f4520.asm
                    FSR1H   0x000fe2       data     extern E:\c18v3.46\pic18-lt\cxx-framework\src\traditional\proc\p18f4520.asm
                    FSR1L   0x000fe1       data     extern E:\c18v3.46\pic18-lt\cxx-framework\src\traditional\proc\p18f4520.asm
                     FSR2   0x000fd9       data     extern E:\c18v3.46\pic18-lt\cxx-framework\src\traditional\proc\p18f4520.asm
                    FSR2H   0x000fda       data     extern E:\c18v3.46\pic18-lt\cxx-framework\src\traditional\proc\p18f4520.asm
                    FSR2L   0x000fd9       data     extern E:\c18v3.46\pic18-lt\cxx-framework\src\traditional\proc\p18f4520.asm
                  HLVDCON   0x000fd2       data     extern E:\c18v3.46\pic18-lt\cxx-framework\src\traditional\proc\p18f4520.asm
              HLVDCONbits   0x000fd2       data     extern E:\c18v3.46\pic18-lt\cxx-framework\src\traditional\proc\p18f4520.asm
                    INDF0   0x000fef       data     extern E:\c18v3.46\pic18-lt\cxx-framework\src\traditional\proc\p18f4520.asm
                    INDF1   0x000fe7       data     extern E:\c18v3.46\pic18-lt\cxx-framework\src\traditional\proc\p18f4520.asm
                    INDF2   0x000fdf       data     extern E:\c18v3.46\pic18-lt\cxx-framework\src\traditional\proc\p18f4520.asm
                   INTCON   0x000ff2       data     extern E:\c18v3.46\pic18-lt\cxx-framework\src\traditional\proc\p18f4520.asm
                  INTCON2   0x000ff1       data     extern E:\c18v3.46\pic18-lt\cxx-framework\src\traditional\proc\p18f4520.asm
              INTCON2bits   0x000ff1       data     extern E:\c18v3.46\pic18-lt\cxx-framework\src\traditional\proc\p18f4520.asm
                  INTCON3   0x000ff0       data     extern E:\c18v3.46\pic18-lt\cxx-framework\src\traditional\proc\p18f4520.asm
              INTCON3bits   0x000ff0       data     extern E:\c18v3.46\pic18-lt\cxx-framework\src\traditional\proc\p18f4520.asm
               INTCONbits   0x000ff2       data     extern E:\c18v3.46\pic18-lt\cxx-framework\src\traditional\proc\p18f4520.asm
                     IPR1   0x000f9f       data     extern E:\c18v3.46\pic18-lt\cxx-framework\src\traditional\proc\p18f4520.asm
                 IPR1bits   0x000f9f       data     extern E:\c18v3.46\pic18-lt\cxx-framework\src\traditional\proc\p18f4520.asm
                     IPR2   0x000fa2       data     extern E:\c18v3.46\pic18-lt\cxx-framework\src\traditional\proc\p18f4520.asm
                 IPR2bits   0x000fa2       data     extern E:\c18v3.46\pic18-lt\cxx-framework\src\traditional\proc\p18f4520.asm
                     LATA   0x000f89       data     extern E:\c18v3.46\pic18-lt\cxx-framework\src\traditional\proc\p18f4520.asm
                 LATAbits   0x000f89       data     extern E:\c18v3.46\pic18-lt\cxx-framework\src\traditional\proc\p18f4520.asm
                     LATB   0x000f8a       data     extern E:\c18v3.46\pic18-lt\cxx-framework\src\traditional\proc\p18f4520.asm
                 LATBbits   0x000f8a       data     extern E:\c18v3.46\pic18-lt\cxx-framework\src\traditional\proc\p18f4520.asm
                     LATC   0x000f8b       data     extern E:\c18v3.46\pic18-lt\cxx-framework\src\traditional\proc\p18f4520.asm
                 LATCbits   0x000f8b       data     extern E:\c18v3.46\pic18-lt\cxx-framework\src\traditional\proc\p18f4520.asm
                     LATD   0x000f8c       data     extern E:\c18v3.46\pic18-lt\cxx-framework\src\traditional\proc\p18f4520.asm
                 LATDbits   0x000f8c       data     extern E:\c18v3.46\pic18-lt\cxx-framework\src\traditional\proc\p18f4520.asm
                     LATE   0x000f8d       data     extern E:\c18v3.46\pic18-lt\cxx-framework\src\traditional\proc\p18f4520.asm
                 LATEbits   0x000f8d       data     extern E:\c18v3.46\pic18-lt\cxx-framework\src\traditional\proc\p18f4520.asm
                  LED_MAP   0x0003cb       data     extern C:\Users\IDEONICS-BNG\Desktop\subhra\work on progress\MODBUS_MMD_18F4620\source\digit_driver.c
                   LVDCON   0x000fd2       data     extern E:\c18v3.46\pic18-lt\cxx-framework\src\traditional\proc\p18f4520.asm
               LVDCONbits   0x000fd2       data     extern E:\c18v3.46\pic18-lt\cxx-framework\src\traditional\proc\p18f4520.asm
                 MonthStr   0x000381       data     extern C:\Users\IDEONICS-BNG\Desktop\subhra\work on progress\MODBUS_MMD_18F4620\source\rtc_driver.c
                   OSCCON   0x000fd3       data     extern E:\c18v3.46\pic18-lt\cxx-framework\src\traditional\proc\p18f4520.asm
               OSCCONbits   0x000fd3       data     extern E:\c18v3.46\pic18-lt\cxx-framework\src\traditional\proc\p18f4520.asm
                  OSCTUNE   0x000f9b       data     extern E:\c18v3.46\pic18-lt\cxx-framework\src\traditional\proc\p18f4520.asm
              OSCTUNEbits   0x000f9b       data     extern E:\c18v3.46\pic18-lt\cxx-framework\src\traditional\proc\p18f4520.asm
                       PC   0x000ff9       data     extern E:\c18v3.46\pic18-lt\cxx-framework\src\traditional\proc\p18f4520.asm
                      PCL   0x000ff9       data     extern E:\c18v3.46\pic18-lt\cxx-framework\src\traditional\proc\p18f4520.asm
                   PCLATH   0x000ffa       data     extern E:\c18v3.46\pic18-lt\cxx-framework\src\traditional\proc\p18f4520.asm
                   PCLATU   0x000ffb       data     extern E:\c18v3.46\pic18-lt\cxx-framework\src\traditional\proc\p18f4520.asm
                     PIE1   0x000f9d       data     extern E:\c18v3.46\pic18-lt\cxx-framework\src\traditional\proc\p18f4520.asm
                 PIE1bits   0x000f9d       data     extern E:\c18v3.46\pic18-lt\cxx-framework\src\traditional\proc\p18f4520.asm
                     PIE2   0x000fa0       data     extern E:\c18v3.46\pic18-lt\cxx-framework\src\traditional\proc\p18f4520.asm
                 PIE2bits   0x000fa0       data     extern E:\c18v3.46\pic18-lt\cxx-framework\src\traditional\proc\p18f4520.asm
                     PIR1   0x000f9e       data     extern E:\c18v3.46\pic18-lt\cxx-framework\src\traditional\proc\p18f4520.asm
                 PIR1bits   0x000f9e       data     extern E:\c18v3.46\pic18-lt\cxx-framework\src\traditional\proc\p18f4520.asm
                     PIR2   0x000fa1       data     extern E:\c18v3.46\pic18-lt\cxx-framework\src\traditional\proc\p18f4520.asm
                 PIR2bits   0x000fa1       data     extern E:\c18v3.46\pic18-lt\cxx-framework\src\traditional\proc\p18f4520.asm
                   PLUSW0   0x000feb       data     extern E:\c18v3.46\pic18-lt\cxx-framework\src\traditional\proc\p18f4520.asm
                   PLUSW1   0x000fe3       data     extern E:\c18v3.46\pic18-lt\cxx-framework\src\traditional\proc\p18f4520.asm
                   PLUSW2   0x000fdb       data     extern E:\c18v3.46\pic18-lt\cxx-framework\src\traditional\proc\p18f4520.asm
                    PORTA   0x000f80       data     extern E:\c18v3.46\pic18-lt\cxx-framework\src\traditional\proc\p18f4520.asm
                PORTAbits   0x000f80       data     extern E:\c18v3.46\pic18-lt\cxx-framework\src\traditional\proc\p18f4520.asm
                    PORTB   0x000f81       data     extern E:\c18v3.46\pic18-lt\cxx-framework\src\traditional\proc\p18f4520.asm
                PORTBbits   0x000f81       data     extern E:\c18v3.46\pic18-lt\cxx-framework\src\traditional\proc\p18f4520.asm
                    PORTC   0x000f82       data     extern E:\c18v3.46\pic18-lt\cxx-framework\src\traditional\proc\p18f4520.asm
                PORTCbits   0x000f82       data     extern E:\c18v3.46\pic18-lt\cxx-framework\src\traditional\proc\p18f4520.asm
                    PORTD   0x000f83       data     extern E:\c18v3.46\pic18-lt\cxx-framework\src\traditional\proc\p18f4520.asm
                PORTDbits   0x000f83       data     extern E:\c18v3.46\pic18-lt\cxx-framework\src\traditional\proc\p18f4520.asm
                    PORTE   0x000f84       data     extern E:\c18v3.46\pic18-lt\cxx-framework\src\traditional\proc\p18f4520.asm
                PORTEbits   0x000f84       data     extern E:\c18v3.46\pic18-lt\cxx-framework\src\traditional\proc\p18f4520.asm
                 POSTDEC0   0x000fed       data     extern E:\c18v3.46\pic18-lt\cxx-framework\src\traditional\proc\p18f4520.asm
                 POSTDEC1   0x000fe5       data     extern E:\c18v3.46\pic18-lt\cxx-framework\src\traditional\proc\p18f4520.asm
                 POSTDEC2   0x000fdd       data     extern E:\c18v3.46\pic18-lt\cxx-framework\src\traditional\proc\p18f4520.asm
                 POSTINC0   0x000fee       data     extern E:\c18v3.46\pic18-lt\cxx-framework\src\traditional\proc\p18f4520.asm
                 POSTINC1   0x000fe6       data     extern E:\c18v3.46\pic18-lt\cxx-framework\src\traditional\proc\p18f4520.asm
                 POSTINC2   0x000fde       data     extern E:\c18v3.46\pic18-lt\cxx-framework\src\traditional\proc\p18f4520.asm
                      PR2   0x000fcb       data     extern E:\c18v3.46\pic18-lt\cxx-framework\src\traditional\proc\p18f4520.asm
                  PREINC0   0x000fec       data     extern E:\c18v3.46\pic18-lt\cxx-framework\src\traditional\proc\p18f4520.asm
                  PREINC1   0x000fe4       data     extern E:\c18v3.46\pic18-lt\cxx-framework\src\traditional\proc\p18f4520.asm
                  PREINC2   0x000fdc       data     extern E:\c18v3.46\pic18-lt\cxx-framework\src\traditional\proc\p18f4520.asm
                     PROD   0x000ff3       data     extern E:\c18v3.46\pic18-lt\cxx-framework\src\traditional\proc\p18f4520.asm
                    PRODH   0x000ff4       data     extern E:\c18v3.46\pic18-lt\cxx-framework\src\traditional\proc\p18f4520.asm
                    PRODL   0x000ff3       data     extern E:\c18v3.46\pic18-lt\cxx-framework\src\traditional\proc\p18f4520.asm
                  PWM1CON   0x000fb7       data     extern E:\c18v3.46\pic18-lt\cxx-framework\src\traditional\proc\p18f4520.asm
              PWM1CONbits   0x000fb7       data     extern E:\c18v3.46\pic18-lt\cxx-framework\src\traditional\proc\p18f4520.asm
                     RCON   0x000fd0       data     extern E:\c18v3.46\pic18-lt\cxx-framework\src\traditional\proc\p18f4520.asm
                 RCONbits   0x000fd0       data     extern E:\c18v3.46\pic18-lt\cxx-framework\src\traditional\proc\p18f4520.asm
                    RCREG   0x000fae       data     extern E:\c18v3.46\pic18-lt\cxx-framework\src\traditional\proc\p18f4520.asm
                    RCSTA   0x000fab       data     extern E:\c18v3.46\pic18-lt\cxx-framework\src\traditional\proc\p18f4520.asm
                RCSTAbits   0x000fab       data     extern E:\c18v3.46\pic18-lt\cxx-framework\src\traditional\proc\p18f4520.asm
             RegistersRTC   0x000400       data     extern C:\Users\IDEONICS-BNG\Desktop\subhra\work on progress\MODBUS_MMD_18F4620\source\rtc_driver.c
                     SIGN   0x000000       data     extern E:\c18v3.46\pic18-lt\cxx-framework\src\traditional\math\cmath18.asm
                    SPBRG   0x000faf       data     extern E:\c18v3.46\pic18-lt\cxx-framework\src\traditional\proc\p18f4520.asm
                   SPBRGH   0x000fb0       data     extern E:\c18v3.46\pic18-lt\cxx-framework\src\traditional\proc\p18f4520.asm
                   SSPADD   0x000fc8       data     extern E:\c18v3.46\pic18-lt\cxx-framework\src\traditional\proc\p18f4520.asm
                   SSPBUF   0x000fc9       data     extern E:\c18v3.46\pic18-lt\cxx-framework\src\traditional\proc\p18f4520.asm
                  SSPCON1   0x000fc6       data     extern E:\c18v3.46\pic18-lt\cxx-framework\src\traditional\proc\p18f4520.asm
              SSPCON1bits   0x000fc6       data     extern E:\c18v3.46\pic18-lt\cxx-framework\src\traditional\proc\p18f4520.asm
                  SSPCON2   0x000fc5       data     extern E:\c18v3.46\pic18-lt\cxx-framework\src\traditional\proc\p18f4520.asm
              SSPCON2bits   0x000fc5       data     extern E:\c18v3.46\pic18-lt\cxx-framework\src\traditional\proc\p18f4520.asm
                  SSPSTAT   0x000fc7       data     extern E:\c18v3.46\pic18-lt\cxx-framework\src\traditional\proc\p18f4520.asm
              SSPSTATbits   0x000fc7       data     extern E:\c18v3.46\pic18-lt\cxx-framework\src\traditional\proc\p18f4520.asm
                   STATUS   0x000fd8       data     extern E:\c18v3.46\pic18-lt\cxx-framework\src\traditional\proc\p18f4520.asm
               STATUSbits   0x000fd8       data     extern E:\c18v3.46\pic18-lt\cxx-framework\src\traditional\proc\p18f4520.asm
                   STKPTR   0x000ffc       data     extern E:\c18v3.46\pic18-lt\cxx-framework\src\traditional\proc\p18f4520.asm
               STKPTRbits   0x000ffc       data     extern E:\c18v3.46\pic18-lt\cxx-framework\src\traditional\proc\p18f4520.asm
                    T0CON   0x000fd5       data     extern E:\c18v3.46\pic18-lt\cxx-framework\src\traditional\proc\p18f4520.asm
                T0CONbits   0x000fd5       data     extern E:\c18v3.46\pic18-lt\cxx-framework\src\traditional\proc\p18f4520.asm
                    T1CON   0x000fcd       data     extern E:\c18v3.46\pic18-lt\cxx-framework\src\traditional\proc\p18f4520.asm
                T1CONbits   0x000fcd       data     extern E:\c18v3.46\pic18-lt\cxx-framework\src\traditional\proc\p18f4520.asm
                    T2CON   0x000fca       data     extern E:\c18v3.46\pic18-lt\cxx-framework\src\traditional\proc\p18f4520.asm
                T2CONbits   0x000fca       data     extern E:\c18v3.46\pic18-lt\cxx-framework\src\traditional\proc\p18f4520.asm
                    T3CON   0x000fb1       data     extern E:\c18v3.46\pic18-lt\cxx-framework\src\traditional\proc\p18f4520.asm
                T3CONbits   0x000fb1       data     extern E:\c18v3.46\pic18-lt\cxx-framework\src\traditional\proc\p18f4520.asm
                   TABLAT   0x000ff5       data     extern E:\c18v3.46\pic18-lt\cxx-framework\src\traditional\proc\p18f4520.asm
                   TBLPTR   0x000ff6       data     extern E:\c18v3.46\pic18-lt\cxx-framework\src\traditional\proc\p18f4520.asm
                  TBLPTRH   0x000ff7       data     extern E:\c18v3.46\pic18-lt\cxx-framework\src\traditional\proc\p18f4520.asm
                  TBLPTRL   0x000ff6       data     extern E:\c18v3.46\pic18-lt\cxx-framework\src\traditional\proc\p18f4520.asm
                  TBLPTRU   0x000ff8       data     extern E:\c18v3.46\pic18-lt\cxx-framework\src\traditional\proc\p18f4520.asm
                    TMR0H   0x000fd7       data     extern E:\c18v3.46\pic18-lt\cxx-framework\src\traditional\proc\p18f4520.asm
                    TMR0L   0x000fd6       data     extern E:\c18v3.46\pic18-lt\cxx-framework\src\traditional\proc\p18f4520.asm
                    TMR1H   0x000fcf       data     extern E:\c18v3.46\pic18-lt\cxx-framework\src\traditional\proc\p18f4520.asm
                    TMR1L   0x000fce       data     extern E:\c18v3.46\pic18-lt\cxx-framework\src\traditional\proc\p18f4520.asm
                     TMR2   0x000fcc       data     extern E:\c18v3.46\pic18-lt\cxx-framework\src\traditional\proc\p18f4520.asm
                    TMR3H   0x000fb3       data     extern E:\c18v3.46\pic18-lt\cxx-framework\src\traditional\proc\p18f4520.asm
                    TMR3L   0x000fb2       data     extern E:\c18v3.46\pic18-lt\cxx-framework\src\traditional\proc\p18f4520.asm
                      TOS   0x000ffd       data     extern E:\c18v3.46\pic18-lt\cxx-framework\src\traditional\proc\p18f4520.asm
                     TOSH   0x000ffe       data     extern E:\c18v3.46\pic18-lt\cxx-framework\src\traditional\proc\p18f4520.asm
                     TOSL   0x000ffd       data     extern E:\c18v3.46\pic18-lt\cxx-framework\src\traditional\proc\p18f4520.asm
                     TOSU   0x000fff       data     extern E:\c18v3.46\pic18-lt\cxx-framework\src\traditional\proc\p18f4520.asm
                    TRISA   0x000f92       data     extern E:\c18v3.46\pic18-lt\cxx-framework\src\traditional\proc\p18f4520.asm
                TRISAbits   0x000f92       data     extern E:\c18v3.46\pic18-lt\cxx-framework\src\traditional\proc\p18f4520.asm
                    TRISB   0x000f93       data     extern E:\c18v3.46\pic18-lt\cxx-framework\src\traditional\proc\p18f4520.asm
                TRISBbits   0x000f93       data     extern E:\c18v3.46\pic18-lt\cxx-framework\src\traditional\proc\p18f4520.asm
                    TRISC   0x000f94       data     extern E:\c18v3.46\pic18-lt\cxx-framework\src\traditional\proc\p18f4520.asm
                TRISCbits   0x000f94       data     extern E:\c18v3.46\pic18-lt\cxx-framework\src\traditional\proc\p18f4520.asm
                    TRISD   0x000f95       data     extern E:\c18v3.46\pic18-lt\cxx-framework\src\traditional\proc\p18f4520.asm
                TRISDbits   0x000f95       data     extern E:\c18v3.46\pic18-lt\cxx-framework\src\traditional\proc\p18f4520.asm
                    TRISE   0x000f96       data     extern E:\c18v3.46\pic18-lt\cxx-framework\src\traditional\proc\p18f4520.asm
                TRISEbits   0x000f96       data     extern E:\c18v3.46\pic18-lt\cxx-framework\src\traditional\proc\p18f4520.asm
                    TXREG   0x000fad       data     extern E:\c18v3.46\pic18-lt\cxx-framework\src\traditional\proc\p18f4520.asm
                    TXSTA   0x000fac       data     extern E:\c18v3.46\pic18-lt\cxx-framework\src\traditional\proc\p18f4520.asm
                TXSTAbits   0x000fac       data     extern E:\c18v3.46\pic18-lt\cxx-framework\src\traditional\proc\p18f4520.asm
            TimeClockMode   0x000410       data     extern C:\Users\IDEONICS-BNG\Desktop\subhra\work on progress\MODBUS_MMD_18F4620\source\rtc_driver.c
  TimeClockUpdateRequired   0x000407       data     extern C:\Users\IDEONICS-BNG\Desktop\subhra\work on progress\MODBUS_MMD_18F4620\source\rtc_driver.c
             USART_Status   0x0001fd       data     extern E:\c18v3.46\pic18-lt\cxx-framework\src\pmc_common\USART\udefs.c
                        W   0x000fe8       data     extern E:\c18v3.46\pic18-lt\cxx-framework\src\traditional\proc\p18f4520.asm
                   WDTCON   0x000fd1       data     extern E:\c18v3.46\pic18-lt\cxx-framework\src\traditional\proc\p18f4520.asm
               WDTCONbits   0x000fd1       data     extern E:\c18v3.46\pic18-lt\cxx-framework\src\traditional\proc\p18f4520.asm
                     WREG   0x000fe8       data     extern E:\c18v3.46\pic18-lt\cxx-framework\src\traditional\proc\p18f4520.asm
                 __AARGB0   0x000009       data     extern E:\c18v3.46\pic18-lt\cxx-framework\src\traditional\math\aarg.asm
                 __AARGB1   0x000008       data     extern E:\c18v3.46\pic18-lt\cxx-framework\src\traditional\math\aarg.asm
                 __AARGB2   0x000007       data     extern E:\c18v3.46\pic18-lt\cxx-framework\src\traditional\math\aarg.asm
                 __AARGB3   0x000006       data     extern E:\c18v3.46\pic18-lt\cxx-framework\src\traditional\math\aarg.asm
                 __AARGB4   0x000005       data     extern E:\c18v3.46\pic18-lt\cxx-framework\src\traditional\math\aarg.asm
                 __AARGB5   0x000004       data     extern E:\c18v3.46\pic18-lt\cxx-framework\src\traditional\math\aarg.asm
                 __AARGB6   0x000003       data     extern E:\c18v3.46\pic18-lt\cxx-framework\src\traditional\math\aarg.asm
                 __AARGB7   0x000002       data     extern E:\c18v3.46\pic18-lt\cxx-framework\src\traditional\math\aarg.asm
                   __AEXP   0x00000a       data     extern E:\c18v3.46\pic18-lt\cxx-framework\src\traditional\math\aarg.asm
                 __BARGB0   0x00000e       data     extern E:\c18v3.46\pic18-lt\cxx-framework\src\traditional\math\barg.asm
                 __BARGB1   0x00000d       data     extern E:\c18v3.46\pic18-lt\cxx-framework\src\traditional\math\barg.asm
                 __BARGB2   0x00000c       data     extern E:\c18v3.46\pic18-lt\cxx-framework\src\traditional\math\barg.asm
                 __BARGB3   0x00000b       data     extern E:\c18v3.46\pic18-lt\cxx-framework\src\traditional\math\barg.asm
                   __BEXP   0x00000f       data     extern E:\c18v3.46\pic18-lt\cxx-framework\src\traditional\math\barg.asm
                __FPFLAGS   0x000001       data     extern E:\c18v3.46\pic18-lt\cxx-framework\src\traditional\math\cmath18.asm
            __FPFLAGSbits   0x000001       data     extern E:\c18v3.46\pic18-lt\cxx-framework\src\traditional\math\cmath18.asm
                  __REMB0   0x000005       data     extern E:\c18v3.46\pic18-lt\cxx-framework\src\traditional\math\aarg.asm
                  __REMB1   0x000004       data     extern E:\c18v3.46\pic18-lt\cxx-framework\src\traditional\math\aarg.asm
                  __REMB2   0x000003       data     extern E:\c18v3.46\pic18-lt\cxx-framework\src\traditional\math\aarg.asm
                  __REMB3   0x000002       data     extern E:\c18v3.46\pic18-lt\cxx-framework\src\traditional\math\aarg.asm
                   __TEMP   0x000013       data     extern E:\c18v3.46\pic18-lt\cxx-framework\src\traditional\math\temparg.asm
                 __TEMPB0   0x000013       data     extern E:\c18v3.46\pic18-lt\cxx-framework\src\traditional\math\temparg.asm
                 __TEMPB1   0x000012       data     extern E:\c18v3.46\pic18-lt\cxx-framework\src\traditional\math\temparg.asm
                 __TEMPB2   0x000011       data     extern E:\c18v3.46\pic18-lt\cxx-framework\src\traditional\math\temparg.asm
                 __TEMPB3   0x000010       data     extern E:\c18v3.46\pic18-lt\cxx-framework\src\traditional\math\temparg.asm
                  __tmp_0   0x000014       data     static C:\Users\IDEONICS-BNG\Desktop\subhra\work on progress\MODBUS_MMD_18F4620\modbus\mb.c
                  __tmp_0   0x000014       data     static C:\Users\IDEONICS-BNG\Desktop\subhra\work on progress\MODBUS_MMD_18F4620\source\app.c
                  __tmp_0   0x000014       data     static C:\Users\IDEONICS-BNG\Desktop\subhra\work on progress\MODBUS_MMD_18F4620\source\main.c
                  __tmp_0   0x000014       data     static C:\Users\IDEONICS-BNG\Desktop\subhra\work on progress\MODBUS_MMD_18F4620\modbus\portserial.c
                  __tmp_0   0x000014       data     static C:\Users\IDEONICS-BNG\Desktop\subhra\work on progress\MODBUS_MMD_18F4620\modbus\rtu\mbcrc.c
                  __tmp_0   0x000014       data     static C:\Users\IDEONICS-BNG\Desktop\subhra\work on progress\MODBUS_MMD_18F4620\source\MMD.c
                  __tmp_0   0x000014       data     static C:\Users\IDEONICS-BNG\Desktop\subhra\work on progress\MODBUS_MMD_18F4620\modbus\rtu\mbrtu.c
                  __tmp_0   0x000014       data     static C:\Users\IDEONICS-BNG\Desktop\subhra\work on progress\MODBUS_MMD_18F4620\modbus\functions\mbfunccoils.c
                  __tmp_0   0x000014       data     static C:\Users\IDEONICS-BNG\Desktop\subhra\work on progress\MODBUS_MMD_18F4620\modbus\functions\mbfuncdisc.c
                  __tmp_0   0x000014       data     static C:\Users\IDEONICS-BNG\Desktop\subhra\work on progress\MODBUS_MMD_18F4620\modbus\functions\mbfuncholding.c
                  __tmp_0   0x000014       data     static C:\Users\IDEONICS-BNG\Desktop\subhra\work on progress\MODBUS_MMD_18F4620\modbus\functions\mbfuncinput.c
                  __tmp_0   0x000014       data     static C:\Users\IDEONICS-BNG\Desktop\subhra\work on progress\MODBUS_MMD_18F4620\modbus\functions\mbfuncother.c
                  __tmp_0   0x000014       data     static C:\Users\IDEONICS-BNG\Desktop\subhra\work on progress\MODBUS_MMD_18F4620\modbus\functions\mbutils.c
                  __tmp_0   0x000014       data     static C:\Users\IDEONICS-BNG\Desktop\subhra\work on progress\MODBUS_MMD_18F4620\source\i2c_driver.c
                  __tmp_0   0x000014       data     static E:\c18v3.46\pic18-lt\cxx-framework\src\pmc_common\USART\uopen.c
                  __tmp_0   0x000014       data     static C:\Users\IDEONICS-BNG\Desktop\subhra\work on progress\MODBUS_MMD_18F4620\source\rtc_driver.c
                      app   0x000500       data     extern C:\Users\IDEONICS-BNG\Desktop\subhra\work on progress\MODBUS_MMD_18F4620\source\app.c
           comUpdateCount   0x0003e6       data     extern C:\Users\IDEONICS-BNG\Desktop\subhra\work on progress\MODBUS_MMD_18F4620\source\timer.c
                    count   0x0003ca       data     static C:\Users\IDEONICS-BNG\Desktop\subhra\work on progress\MODBUS_MMD_18F4620\source\app.c
                curr_byte   0x0003d9       data     static E:\c18v3.46\pic18-lt\cxx-framework\src\traditional\startup\c018i.c
               curr_entry   0x0003db       data     static E:\c18v3.46\pic18-lt\cxx-framework\src\traditional\startup\c018i.c
                 data_ptr   0x0003dd       data     static E:\c18v3.46\pic18-lt\cxx-framework\src\traditional\startup\c018i.c
               eException   0x000372       data     static C:\Users\IDEONICS-BNG\Desktop\subhra\work on progress\MODBUS_MMD_18F4620\modbus\mb.c
           eMBCurrentMode   0x00034d       data     static C:\Users\IDEONICS-BNG\Desktop\subhra\work on progress\MODBUS_MMD_18F4620\modbus\mb.c
                 eMBState   0x0001b6       data     static C:\Users\IDEONICS-BNG\Desktop\subhra\work on progress\MODBUS_MMD_18F4620\modbus\mb.c
             eQueuedEvent   0x0001f9       data     static C:\Users\IDEONICS-BNG\Desktop\subhra\work on progress\MODBUS_MMD_18F4620\modbus\portevent.c
                eRcvState   0x0001fc       data     static C:\Users\IDEONICS-BNG\Desktop\subhra\work on progress\MODBUS_MMD_18F4620\modbus\rtu\mbrtu.c
                eSndState   0x0001fb       data     static C:\Users\IDEONICS-BNG\Desktop\subhra\work on progress\MODBUS_MMD_18F4620\modbus\rtu\mbrtu.c
           heartBeatCount   0x0003e0       data     extern C:\Users\IDEONICS-BNG\Desktop\subhra\work on progress\MODBUS_MMD_18F4620\source\timer.c
                 iSRState   0x0001b5       data     extern C:\Users\IDEONICS-BNG\Desktop\subhra\work on progress\MODBUS_MMD_18F4620\source\MMD.c
       keypadUpdate_count   0x0003e4       data     extern C:\Users\IDEONICS-BNG\Desktop\subhra\work on progress\MODBUS_MMD_18F4620\source\timer.c
                 ledState   0x0001fe       data     static C:\Users\IDEONICS-BNG\Desktop\subhra\work on progress\MODBUS_MMD_18F4620\source\board.c
[...]
                    TRISD   0x000f95       data     extern E:\c18v3.46\pic18-lt\cxx-framework\src\traditional\proc\p18f4520.asm
                 DDRDbits   0x000f95       data     extern E:\c18v3.46\pic18-lt\cxx-framework\src\traditional\proc\p18f4520.asm
                     DDRD   0x000f95       data     extern E:\c18v3.46\pic18-lt\cxx-framework\src\traditional\proc\p18f4520.asm
                    TRISE   0x000f96       data     extern E:\c18v3.46\pic18-lt\cxx-framework\src\traditional\proc\p18f4520.asm
                TRISEbits   0x000f96       data     extern E:\c18v3.46\pic18-lt\cxx-framework\src\traditional\proc\p18f4520.asm
                 DDREbits   0x000f96       data     extern E:\c18v3.46\pic18-lt\cxx-framework\src\traditional\proc\p18f4520.asm
                     DDRE   0x000f96       data     extern E:\c18v3.46\pic18-lt\cxx-framework\src\traditional\proc\p18f4520.asm
                  OSCTUNE   0x000f9b       data     extern E:\c18v3.46\pic18-lt\cxx-framework\src\traditional\proc\p18f4520.asm
              OSCTUNEbits   0x000f9b       data     extern E:\c18v3.46\pic18-lt\cxx-framework\src\traditional\proc\p18f4520.asm
                     PIE1   0x000f9d       data     extern E:\c18v3.46\pic18-lt\cxx-framework\src\traditional\proc\p18f4520.asm
                 PIE1bits   0x000f9d       data     extern E:\c18v3.46\pic18-lt\cxx-framework\src\traditional\proc\p18f4520.asm
                 PIR1bits   0x000f9e       data     extern E:\c18v3.46\pic18-lt\cxx-framework\src\traditional\proc\p18f4520.asm
                     PIR1   0x000f9e       data     extern E:\c18v3.46\pic18-lt\cxx-framework\src\traditional\proc\p18f4520.asm
                 IPR1bits   0x000f9f       data     extern E:\c18v3.46\pic18-lt\cxx-framework\src\traditional\proc\p18f4520.asm
                     IPR1   0x000f9f       data     extern E:\c18v3.46\pic18-lt\cxx-framework\src\traditional\proc\p18f4520.asm
                 PIE2bits   0x000fa0       data     extern E:\c18v3.46\pic18-lt\cxx-framework\src\traditional\proc\p18f4520.asm
                     PIE2   0x000fa0       data     extern E:\c18v3.46\pic18-lt\cxx-framework\src\traditional\proc\p18f4520.asm
                     PIR2   0x000fa1       data     extern E:\c18v3.46\pic18-lt\cxx-framework\src\traditional\proc\p18f4520.asm
                 PIR2bits   0x000fa1       data     extern E:\c18v3.46\pic18-lt\cxx-framework\src\traditional\proc\p18f4520.asm
                     IPR2   0x000fa2       data     extern E:\c18v3.46\pic18-lt\cxx-framework\src\traditional\proc\p18f4520.asm
                 IPR2bits   0x000fa2       data     extern E:\c18v3.46\pic18-lt\cxx-framework\src\traditional\proc\p18f4520.asm
               EECON1bits   0x000fa6       data     extern E:\c18v3.46\pic18-lt\cxx-framework\src\traditional\proc\p18f4520.asm
                   EECON1   0x000fa6       data     extern E:\c18v3.46\pic18-lt\cxx-framework\src\traditional\proc\p18f4520.asm
                   EECON2   0x000fa7       data     extern E:\c18v3.46\pic18-lt\cxx-framework\src\traditional\proc\p18f4520.asm
                   EEDATA   0x000fa8       data     extern E:\c18v3.46\pic18-lt\cxx-framework\src\traditional\proc\p18f4520.asm
                    EEADR   0x000fa9       data     extern E:\c18v3.46\pic18-lt\cxx-framework\src\traditional\proc\p18f4520.asm
                    RCSTA   0x000fab       data     extern E:\c18v3.46\pic18-lt\cxx-framework\src\traditional\proc\p18f4520.asm
                RCSTAbits   0x000fab       data     extern E:\c18v3.46\pic18-lt\cxx-framework\src\traditional\proc\p18f4520.asm
                TXSTAbits   0x000fac       data     extern E:\c18v3.46\pic18-lt\cxx-framework\src\traditional\proc\p18f4520.asm
                    TXSTA   0x000fac       data     extern E:\c18v3.46\pic18-lt\cxx-framework\src\traditional\proc\p18f4520.asm
                    TXREG   0x000fad       data     extern E:\c18v3.46\pic18-lt\cxx-framework\src\traditional\proc\p18f4520.asm
                    RCREG   0x000fae       data     extern E:\c18v3.46\pic18-lt\cxx-framework\src\traditional\proc\p18f4520.asm
                    SPBRG   0x000faf       data     extern E:\c18v3.46\pic18-lt\cxx-framework\src\traditional\proc\p18f4520.asm
                   SPBRGH   0x000fb0       data     extern E:\c18v3.46\pic18-lt\cxx-framework\src\traditional\proc\p18f4520.asm
                    T3CON   0x000fb1       data     extern E:\c18v3.46\pic18-lt\cxx-framework\src\traditional\proc\p18f4520.asm
                T3CONbits   0x000fb1       data     extern E:\c18v3.46\pic18-lt\cxx-framework\src\traditional\proc\p18f4520.asm
                    TMR3L   0x000fb2       data     extern E:\c18v3.46\pic18-lt\cxx-framework\src\traditional\proc\p18f4520.asm
                    TMR3H   0x000fb3       data     extern E:\c18v3.46\pic18-lt\cxx-framework\src\traditional\proc\p18f4520.asm
                CMCONbits   0x000fb4       data     extern E:\c18v3.46\pic18-lt\cxx-framework\src\traditional\proc\p18f4520.asm
                    CMCON   0x000fb4       data     extern E:\c18v3.46\pic18-lt\cxx-framework\src\traditional\proc\p18f4520.asm
               CVRCONbits   0x000fb5       data     extern E:\c18v3.46\pic18-lt\cxx-framework\src\traditional\proc\p18f4520.asm
                   CVRCON   0x000fb5       data     extern E:\c18v3.46\pic18-lt\cxx-framework\src\traditional\proc\p18f4520.asm
                  ECCP1AS   0x000fb6       data     extern E:\c18v3.46\pic18-lt\cxx-framework\src\traditional\proc\p18f4520.asm
              ECCP1ASbits   0x000fb6       data     extern E:\c18v3.46\pic18-lt\cxx-framework\src\traditional\proc\p18f4520.asm
                   ECCPAS   0x000fb6       data     extern E:\c18v3.46\pic18-lt\cxx-framework\src\traditional\proc\p18f4520.asm
               ECCPASbits   0x000fb6       data     extern E:\c18v3.46\pic18-lt\cxx-framework\src\traditional\proc\p18f4520.asm
             ECCP1DELbits   0x000fb7       data     extern E:\c18v3.46\pic18-lt\cxx-framework\src\traditional\proc\p18f4520.asm
                  PWM1CON   0x000fb7       data     extern E:\c18v3.46\pic18-lt\cxx-framework\src\traditional\proc\p18f4520.asm
              PWM1CONbits   0x000fb7       data     extern E:\c18v3.46\pic18-lt\cxx-framework\src\traditional\proc\p18f4520.asm
                 ECCP1DEL   0x000fb7       data     extern E:\c18v3.46\pic18-lt\cxx-framework\src\traditional\proc\p18f4520.asm
                  BAUDCON   0x000fb8       data     extern E:\c18v3.46\pic18-lt\cxx-framework\src\traditional\proc\p18f4520.asm
              BAUDCONbits   0x000fb8       data     extern E:\c18v3.46\pic18-lt\cxx-framework\src\traditional\proc\p18f4520.asm
                  BAUDCTL   0x000fb8       data     extern E:\c18v3.46\pic18-lt\cxx-framework\src\traditional\proc\p18f4520.asm
              BAUDCTLbits   0x000fb8       data     extern E:\c18v3.46\pic18-lt\cxx-framework\src\traditional\proc\p18f4520.asm
                  CCP2CON   0x000fba       data     extern E:\c18v3.46\pic18-lt\cxx-framework\src\traditional\proc\p18f4520.asm
              CCP2CONbits   0x000fba       data     extern E:\c18v3.46\pic18-lt\cxx-framework\src\traditional\proc\p18f4520.asm
                    CCPR2   0x000fbb       data     extern E:\c18v3.46\pic18-lt\cxx-framework\src\traditional\proc\p18f4520.asm
                   CCPR2L   0x000fbb       data     extern E:\c18v3.46\pic18-lt\cxx-framework\src\traditional\proc\p18f4520.asm
                   CCPR2H   0x000fbc       data     extern E:\c18v3.46\pic18-lt\cxx-framework\src\traditional\proc\p18f4520.asm
              CCP1CONbits   0x000fbd       data     extern E:\c18v3.46\pic18-lt\cxx-framework\src\traditional\proc\p18f4520.asm
                  CCP1CON   0x000fbd       data     extern E:\c18v3.46\pic18-lt\cxx-framework\src\traditional\proc\p18f4520.asm
                    CCPR1   0x000fbe       data     extern E:\c18v3.46\pic18-lt\cxx-framework\src\traditional\proc\p18f4520.asm
                   CCPR1L   0x000fbe       data     extern E:\c18v3.46\pic18-lt\cxx-framework\src\traditional\proc\p18f4520.asm
                   CCPR1H   0x000fbf       data     extern E:\c18v3.46\pic18-lt\cxx-framework\src\traditional\proc\p18f4520.asm
               ADCON2bits   0x000fc0       data     extern E:\c18v3.46\pic18-lt\cxx-framework\src\traditional\proc\p18f4520.asm
                   ADCON2   0x000fc0       data     extern E:\c18v3.46\pic18-lt\cxx-framework\src\traditional\proc\p18f4520.asm
               ADCON1bits   0x000fc1       data     extern E:\c18v3.46\pic18-lt\cxx-framework\src\traditional\proc\p18f4520.asm
                   ADCON1   0x000fc1       data     extern E:\c18v3.46\pic18-lt\cxx-framework\src\traditional\proc\p18f4520.asm
                   ADCON0   0x000fc2       data     extern E:\c18v3.46\pic18-lt\cxx-framework\src\traditional\proc\p18f4520.asm
               ADCON0bits   0x000fc2       data     extern E:\c18v3.46\pic18-lt\cxx-framework\src\traditional\proc\p18f4520.asm
                    ADRES   0x000fc3       data     extern E:\c18v3.46\pic18-lt\cxx-framework\src\traditional\proc\p18f4520.asm
                   ADRESL   0x000fc3       data     extern E:\c18v3.46\pic18-lt\cxx-framework\src\traditional\proc\p18f4520.asm
                   ADRESH   0x000fc4       data     extern E:\c18v3.46\pic18-lt\cxx-framework\src\traditional\proc\p18f4520.asm
                  SSPCON2   0x000fc5       data     extern E:\c18v3.46\pic18-lt\cxx-framework\src\traditional\proc\p18f4520.asm
              SSPCON2bits   0x000fc5       data     extern E:\c18v3.46\pic18-lt\cxx-framework\src\traditional\proc\p18f4520.asm
                  SSPCON1   0x000fc6       data     extern E:\c18v3.46\pic18-lt\cxx-framework\src\traditional\proc\p18f4520.asm
              SSPCON1bits   0x000fc6       data     extern E:\c18v3.46\pic18-lt\cxx-framework\src\traditional\proc\p18f4520.asm
                  SSPSTAT   0x000fc7       data     extern E:\c18v3.46\pic18-lt\cxx-framework\src\traditional\proc\p18f4520.asm
              SSPSTATbits   0x000fc7       data     extern E:\c18v3.46\pic18-lt\cxx-framework\src\traditional\proc\p18f4520.asm
                   SSPADD   0x000fc8       data     extern E:\c18v3.46\pic18-lt\cxx-framework\src\traditional\proc\p18f4520.asm
                   SSPBUF   0x000fc9       data     extern E:\c18v3.46\pic18-lt\cxx-framework\src\traditional\proc\p18f4520.asm
                    T2CON   0x000fca       data     extern E:\c18v3.46\pic18-lt\cxx-framework\src\traditional\proc\p18f4520.asm
                T2CONbits   0x000fca       data     extern E:\c18v3.46\pic18-lt\cxx-framework\src\traditional\proc\p18f4520.asm
                      PR2   0x000fcb       data     extern E:\c18v3.46\pic18-lt\cxx-framework\src\traditional\proc\p18f4520.asm
                     TMR2   0x000fcc       data     extern E:\c18v3.46\pic18-lt\cxx-framework\src\traditional\proc\p18f4520.asm
                T1CONbits   0x000fcd       data     extern E:\c18v3.46\pic18-lt\cxx-framework\src\traditional\proc\p18f4520.asm
                    T1CON   0x000fcd       data     extern E:\c18v3.46\pic18-lt\cxx-framework\src\traditional\proc\p18f4520.asm
                    TMR1L   0x000fce       data     extern E:\c18v3.46\pic18-lt\cxx-framework\src\traditional\proc\p18f4520.asm
                    TMR1H   0x000fcf       data     extern E:\c18v3.46\pic18-lt\cxx-framework\src\traditional\proc\p18f4520.asm
                     RCON   0x000fd0       data     extern E:\c18v3.46\pic18-lt\cxx-framework\src\traditional\proc\p18f4520.asm
                 RCONbits   0x000fd0       data     extern E:\c18v3.46\pic18-lt\cxx-framework\src\traditional\proc\p18f4520.asm
               WDTCONbits   0x000fd1       data     extern E:\c18v3.46\pic18-lt\cxx-framework\src\traditional\proc\p18f4520.asm
                   WDTCON   0x000fd1       data     extern E:\c18v3.46\pic18-lt\cxx-framework\src\traditional\proc\p18f4520.asm
               LVDCONbits   0x000fd2       data     extern E:\c18v3.46\pic18-lt\cxx-framework\src\traditional\proc\p18f4520.asm
                   LVDCON   0x000fd2       data     extern E:\c18v3.46\pic18-lt\cxx-framework\src\traditional\proc\p18f4520.asm
              HLVDCONbits   0x000fd2       data     extern E:\c18v3.46\pic18-lt\cxx-framework\src\traditional\proc\p18f4520.asm
                  HLVDCON   0x000fd2       data     extern E:\c18v3.46\pic18-lt\cxx-framework\src\traditional\proc\p18f4520.asm
               OSCCONbits   0x000fd3       data     extern E:\c18v3.46\pic18-lt\cxx-framework\src\traditional\proc\p18f4520.asm
                   OSCCON   0x000fd3       data     extern E:\c18v3.46\pic18-lt\cxx-framework\src\traditional\proc\p18f4520.asm
                T0CONbits   0x000fd5       data     extern E:\c18v3.46\pic18-lt\cxx-framework\src\traditional\proc\p18f4520.asm
                    T0CON   0x000fd5       data     extern E:\c18v3.46\pic18-lt\cxx-framework\src\traditional\proc\p18f4520.asm
                    TMR0L   0x000fd6       data     extern E:\c18v3.46\pic18-lt\cxx-framework\src\traditional\proc\p18f4520.asm
                    TMR0H   0x000fd7       data     extern E:\c18v3.46\pic18-lt\cxx-framework\src\traditional\proc\p18f4520.asm
                   STATUS   0x000fd8       data     extern E:\c18v3.46\pic18-lt\cxx-framework\src\traditional\proc\p18f4520.asm
               STATUSbits   0x000fd8       data     extern E:\c18v3.46\pic18-lt\cxx-framework\src\traditional\proc\p18f4520.asm
                     FSR2   0x000fd9       data     extern E:\c18v3.46\pic18-lt\cxx-framework\src\traditional\proc\p18f4520.asm
                    FSR2L   0x000fd9       data     extern E:\c18v3.46\pic18-lt\cxx-framework\src\traditional\proc\p18f4520.asm
                    FSR2H   0x000fda       data     extern E:\c18v3.46\pic18-lt\cxx-framework\src\traditional\proc\p18f4520.asm
                   PLUSW2   0x000fdb       data     extern E:\c18v3.46\pic18-lt\cxx-framework\src\traditional\proc\p18f4520.asm
                  PREINC2   0x000fdc       data     extern E:\c18v3.46\pic18-lt\cxx-framework\src\traditional\proc\p18f4520.asm
                 POSTDEC2   0x000fdd       data     extern E:\c18v3.46\pic18-lt\cxx-framework\src\traditional\proc\p18f4520.asm
                 POSTINC2   0x000fde       data     extern E:\c18v3.46\pic18-lt\cxx-framework\src\traditional\proc\p18f4520.asm
                    INDF2   0x000fdf       data     extern E:\c18v3.46\pic18-lt\cxx-framework\src\traditional\proc\p18f4520.asm
                      BSR   0x000fe0       data     extern E:\c18v3.46\pic18-lt\cxx-framework\src\traditional\proc\p18f4520.asm
                     FSR1   0x000fe1       data     extern E:\c18v3.46\pic18-lt\cxx-framework\src\traditional\proc\p18f4520.asm
                    FSR1L   0x000fe1       data     extern E:\c18v3.46\pic18-lt\cxx-framework\src\traditional\proc\p18f4520.asm
                    FSR1H   0x000fe2       data     extern E:\c18v3.46\pic18-lt\cxx-framework\src\traditional\proc\p18f4520.asm
                   PLUSW1   0x000fe3       data     extern E:\c18v3.46\pic18-lt\cxx-framework\src\traditional\proc\p18f4520.asm
                  PREINC1   0x000fe4       data     extern E:\c18v3.46\pic18-lt\cxx-framework\src\traditional\proc\p18f4520.asm
                 POSTDEC1   0x000fe5       data     extern E:\c18v3.46\pic18-lt\cxx-framework\src\traditional\proc\p18f4520.asm
                 POSTINC1   0x000fe6       data     extern E:\c18v3.46\pic18-lt\cxx-framework\src\traditional\proc\p18f4520.asm
                    INDF1   0x000fe7       data     extern E:\c18v3.46\pic18-lt\cxx-framework\src\traditional\proc\p18f4520.asm
                        W   0x000fe8       data     extern E:\c18v3.46\pic18-lt\cxx-framework\src\traditional\proc\p18f4520.asm
                     WREG   0x000fe8       data     extern E:\c18v3.46\pic18-lt\cxx-framework\src\traditional\proc\p18f4520.asm
                    FSR0L   0x000fe9       data     extern E:\c18v3.46\pic18-lt\cxx-framework\src\traditional\proc\p18f4520.asm
                     FSR0   0x000fe9       data     extern E:\c18v3.46\pic18-lt\cxx-framework\src\traditional\proc\p18f4520.asm
                    FSR0H   0x000fea       data     extern E:\c18v3.46\pic18-lt\cxx-framework\src\traditional\proc\p18f4520.asm
                   PLUSW0   0x000feb       data     extern E:\c18v3.46\pic18-lt\cxx-framework\src\traditional\proc\p18f4520.asm
                  PREINC0   0x000fec       data     extern E:\c18v3.46\pic18-lt\cxx-framework\src\traditional\proc\p18f4520.asm
                 POSTDEC0   0x000fed       data     extern E:\c18v3.46\pic18-lt\cxx-framework\src\traditional\proc\p18f4520.asm
                 POSTINC0   0x000fee       data     extern E:\c18v3.46\pic18-lt\cxx-framework\src\traditional\proc\p18f4520.asm
                    INDF0   0x000fef       data     extern E:\c18v3.46\pic18-lt\cxx-framework\src\traditional\proc\p18f4520.asm
              INTCON3bits   0x000ff0       data     extern E:\c18v3.46\pic18-lt\cxx-framework\src\traditional\proc\p18f4520.asm
                  INTCON3   0x000ff0       data     extern E:\c18v3.46\pic18-lt\cxx-framework\src\traditional\proc\p18f4520.asm
                  INTCON2   0x000ff1       data     extern E:\c18v3.46\pic18-lt\cxx-framework\src\traditional\proc\p18f4520.asm
              INTCON2bits   0x000ff1       data     extern E:\c18v3.46\pic18-lt\cxx-framework\src\traditional\proc\p18f4520.asm
                   INTCON   0x000ff2       data     extern E:\c18v3.46\pic18-lt\cxx-framework\src\traditional\proc\p18f4520.asm
               INTCONbits   0x000ff2       data     extern E:\c18v3.46\pic18-lt\cxx-framework\src\traditional\proc\p18f4520.asm
                     PROD   0x000ff3       data     extern E:\c18v3.46\pic18-lt\cxx-framework\src\traditional\proc\p18f4520.asm
                    PRODL   0x000ff3       data     extern E:\c18v3.46\pic18-lt\cxx-framework\src\traditional\proc\p18f4520.asm
                    PRODH   0x000ff4       data     extern E:\c18v3.46\pic18-lt\cxx-framework\src\traditional\proc\p18f4520.asm
                   TABLAT   0x000ff5       data     extern E:\c18v3.46\pic18-lt\cxx-framework\src\traditional\proc\p18f4520.asm
                  TBLPTRL   0x000ff6       data     extern E:\c18v3.46\pic18-lt\cxx-framework\src\traditional\proc\p18f4520.asm
                   TBLPTR   0x000ff6       data     extern E:\c18v3.46\pic18-lt\cxx-framework\src\traditional\proc\p18f4520.asm
                  TBLPTRH   0x000ff7       data     extern E:\c18v3.46\pic18-lt\cxx-framework\src\traditional\proc\p18f4520.asm
                  TBLPTRU   0x000ff8       data     extern E:\c18v3.46\pic18-lt\cxx-framework\src\traditional\proc\p18f4520.asm
                       PC   0x000ff9       data     extern E:\c18v3.46\pic18-lt\cxx-framework\src\traditional\proc\p18f4520.asm
                      PCL   0x000ff9       data     extern E:\c18v3.46\pic18-lt\cxx-framework\src\traditional\proc\p18f4520.asm
                   PCLATH   0x000ffa       data     extern E:\c18v3.46\pic18-lt\cxx-framework\src\traditional\proc\p18f4520.asm
                   PCLATU   0x000ffb       data     extern E:\c18v3.46\pic18-lt\cxx-framework\src\traditional\proc\p18f4520.asm
                   STKPTR   0x000ffc       data     extern E:\c18v3.46\pic18-lt\cxx-framework\src\traditional\proc\p18f4520.asm
               STKPTRbits   0x000ffc       data     extern E:\c18v3.46\pic18-lt\cxx-framework\src\traditional\proc\p18f4520.asm
                      TOS   0x000ffd       data     extern E:\c18v3.46\pic18-lt\cxx-framework\src\traditional\proc\p18f4520.asm
                     TOSL   0x000ffd       data     extern E:\c18v3.46\pic18-lt\cxx-framework\src\traditional\proc\p18f4520.asm
                     TOSH   0x000ffe       data     extern E:\c18v3.46\pic18-lt\cxx-framework\src\traditional\proc\p18f4520.asm
                     TOSU   0x000fff       data     extern E:\c18v3.46\pic18-lt\cxx-framework\src\traditional\proc\p18f4520.asm


